Copyright 1986-2020 Xilinx, Inc. All Rights Reserved.
----------------------------------------------------------------------------------------------------------------------------------------------------------------------------
| Tool Version : Vivado v.2020.2 (lin64) Build 3064766 Wed Nov 18 09:12:47 MST 2020
| Date         : Sun Apr 25 14:36:53 2021
| Host         : viz-n1.crc.pitt.edu running 64-bit Red Hat Enterprise Linux Server release 7.9 (Maipo)
| Command      : report_accelerator_utilization -kernels { fpga2:pfm_top_i/dynamic_region/fpga2_1/inst:fpga2_1} -file kernel_util_routed.rpt -name kernel_util_routed -json
| Design       : pfm_top_wrapper
| Device       : xcu200
| Design State : Routed
----------------------------------------------------------------------------------------------------------------------------------------------------------------------------

Accelerator Utilization Design Information

Table of Contents
-----------------
1. System Utilization

1. System Utilization
---------------------

+---------------------+-------------------+------------------+-------------------+----------------+---------------+----------------+
| Name                | LUT               | LUTAsMem         | REG               | BRAM           | URAM          | DSP            |
+---------------------+-------------------+------------------+-------------------+----------------+---------------+----------------+
| Platform            |  151878 [ 12.85%] |  16373 [  2.77%] |  214176 [  9.06%] |  301 [ 13.94%] |   0 [  0.00%] |    7 [  0.10%] |
| User Budget         | 1030362 [100.00%] | 575467 [100.00%] | 2150304 [100.00%] | 1859 [100.00%] | 960 [100.00%] | 6833 [100.00%] |
|    Used Resources   |   74907 [  7.27%] |  28581 [  4.97%] |   62158 [  2.89%] |   68 [  3.66%] |   0 [  0.00%] |  313 [  4.58%] |
|    Unused Resources |  955455 [ 92.73%] | 546886 [ 95.03%] | 2088146 [ 97.11%] | 1791 [ 96.34%] | 960 [100.00%] | 6520 [ 95.42%] |
| fpga2               |   74907 [  7.27%] |  28581 [  4.97%] |   62158 [  2.89%] |   68 [  3.66%] |   0 [  0.00%] |  313 [  4.58%] |
|    fpga2_1          |   74907 [  7.27%] |  28581 [  4.97%] |   62158 [  2.89%] |   68 [  3.66%] |   0 [  0.00%] |  313 [  4.58%] |
+---------------------+-------------------+------------------+-------------------+----------------+---------------+----------------+


