Copyright 1986-2020 Xilinx, Inc. All Rights Reserved.
----------------------------------------------------------------------------------------------------------------------------------------------------------------------------
| Tool Version : Vivado v.2020.2 (lin64) Build 3064766 Wed Nov 18 09:12:47 MST 2020
| Date         : Tue Apr 20 20:24:31 2021
| Host         : viz-n1.crc.pitt.edu running 64-bit Red Hat Enterprise Linux Server release 7.9 (Maipo)
| Command      : report_accelerator_utilization -kernels { fpga1:pfm_top_i/dynamic_region/fpga1_1/inst:fpga1_1} -file kernel_util_routed.rpt -name kernel_util_routed -json
| Design       : pfm_top_wrapper
| Device       : xcu200
| Design State : Routed
----------------------------------------------------------------------------------------------------------------------------------------------------------------------------

Accelerator Utilization Design Information

Table of Contents
-----------------
1. System Utilization

1. System Utilization
---------------------

+---------------------+-------------------+------------------+-------------------+----------------+---------------+----------------+
| Name                | LUT               | LUTAsMem         | REG               | BRAM           | URAM          | DSP            |
+---------------------+-------------------+------------------+-------------------+----------------+---------------+----------------+
| Platform            |  151713 [ 12.83%] |  16373 [  2.77%] |  214185 [  9.06%] |  301 [ 13.94%] |   0 [  0.00%] |    7 [  0.10%] |
| User Budget         | 1030527 [100.00%] | 575467 [100.00%] | 2150295 [100.00%] | 1859 [100.00%] | 960 [100.00%] | 6833 [100.00%] |
|    Used Resources   |   21006 [  2.04%] |   1268 [  0.22%] |   38098 [  1.77%] |  135 [  7.26%] |   0 [  0.00%] |  176 [  2.58%] |
|    Unused Resources | 1009521 [ 97.96%] | 574199 [ 99.78%] | 2112197 [ 98.23%] | 1724 [ 92.74%] | 960 [100.00%] | 6657 [ 97.42%] |
| fpga1               |   21006 [  2.04%] |   1268 [  0.22%] |   38098 [  1.77%] |  135 [  7.26%] |   0 [  0.00%] |  176 [  2.58%] |
|    fpga1_1          |   21006 [  2.04%] |   1268 [  0.22%] |   38098 [  1.77%] |  135 [  7.26%] |   0 [  0.00%] |  176 [  2.58%] |
+---------------------+-------------------+------------------+-------------------+----------------+---------------+----------------+


