Copyright 1986-2020 Xilinx, Inc. All Rights Reserved.
----------------------------------------------------------------------------------------------------------------------------------------------------------------------------
| Tool Version : Vivado v.2020.2 (lin64) Build 3064766 Wed Nov 18 09:12:47 MST 2020
| Date         : Wed Apr 21 03:12:15 2021
| Host         : fpga-n0.crc.pitt.edu running 64-bit Red Hat Enterprise Linux Server release 7.9 (Maipo)
| Command      : report_accelerator_utilization -kernels { fpga2:pfm_top_i/dynamic_region/fpga2_1/inst:fpga2_1} -file kernel_util_routed.rpt -name kernel_util_routed -json
| Design       : pfm_top_wrapper
| Device       : xcu200
| Design State : Routed
----------------------------------------------------------------------------------------------------------------------------------------------------------------------------

Accelerator Utilization Design Information

Table of Contents
-----------------
1. System Utilization

1. System Utilization
---------------------

+---------------------+-------------------+------------------+-------------------+----------------+---------------+----------------+
| Name                | LUT               | LUTAsMem         | REG               | BRAM           | URAM          | DSP            |
+---------------------+-------------------+------------------+-------------------+----------------+---------------+----------------+
| Platform            |  151725 [ 12.83%] |  16373 [  2.77%] |  214176 [  9.06%] |  301 [ 13.94%] |   0 [  0.00%] |    7 [  0.10%] |
| User Budget         | 1030515 [100.00%] | 575467 [100.00%] | 2150304 [100.00%] | 1859 [100.00%] | 960 [100.00%] | 6833 [100.00%] |
|    Used Resources   |   95197 [  9.24%] |  31825 [  5.53%] |   94102 [  4.38%] |   67 [  3.60%] |   0 [  0.00%] |  849 [ 12.42%] |
|    Unused Resources |  935318 [ 90.76%] | 543642 [ 94.47%] | 2056202 [ 95.62%] | 1792 [ 96.40%] | 960 [100.00%] | 5984 [ 87.58%] |
| fpga2               |   95197 [  9.24%] |  31825 [  5.53%] |   94102 [  4.38%] |   67 [  3.60%] |   0 [  0.00%] |  849 [ 12.42%] |
|    fpga2_1          |   95197 [  9.24%] |  31825 [  5.53%] |   94102 [  4.38%] |   67 [  3.60%] |   0 [  0.00%] |  849 [ 12.42%] |
+---------------------+-------------------+------------------+-------------------+----------------+---------------+----------------+


