

================================================================
== Vitis HLS Report for 'fpga1'
================================================================
* Date:           Tue Apr 27 20:10:26 2021

* Version:        2020.2 (Build 3064766 on Wed Nov 18 09:12:47 MST 2020)
* Project:        fpga1
* Solution:       solution (Vitis Kernel Flow Target)
* Product family: virtexuplus
* Target device:  xcu200-fsgd2104-2-e


================================================================
== Performance Estimates
================================================================
+ Timing: 
    * Summary: 
    +--------+---------+----------+------------+
    |  Clock |  Target | Estimated| Uncertainty|
    +--------+---------+----------+------------+
    |ap_clk  |  3.33 ns|  2.433 ns|     0.90 ns|
    +--------+---------+----------+------------+

+ Latency: 
    * Summary: 
    +---------+---------+-----------+-----------+---------+---------+---------+
    |  Latency (cycles) |   Latency (absolute)  |      Interval     | Pipeline|
    |   min   |   max   |    min    |    max    |   min   |   max   |   Type  |
    +---------+---------+-----------+-----------+---------+---------+---------+
    |  6353226|  6353226|  21.175 ms|  21.175 ms|  6353227|  6353227|     none|
    +---------+---------+-----------+-----------+---------+---------+---------+

    + Detail: 
        * Instance: 
        +-----------------------------------+------------------------+---------+---------+----------+----------+---------+---------+----------+
        |                                   |                        |  Latency (cycles) |  Latency (absolute) |      Interval     | Pipeline |
        |              Instance             |         Module         |   min   |   max   |    min   |    max   |   min   |   max   |   Type   |
        +-----------------------------------+------------------------+---------+---------+----------+----------+---------+---------+----------+
        |grp_stage1_1_fu_382                |stage1_1                |  2012336|  2012336|  6.707 ms|  6.707 ms|  2012264|  2012264|  dataflow|
        |grp_attention_scores_fused_fu_456  |attention_scores_fused  |  1774082|  1774082|  5.913 ms|  5.913 ms|  1774082|  1774082|      none|
        |grp_linear_dataflow2_fu_468        |linear_dataflow2        |  1413375|  1413375|  4.711 ms|  4.711 ms|  1413302|  1413302|  dataflow|
        |grp_attention_values_fused_fu_493  |attention_values_fused  |   734209|   734209|  2.447 ms|  2.447 ms|   734209|   734209|      none|
        |grp_layernorm_fused2_fu_504        |layernorm_fused2        |   419215|   419215|  1.397 ms|  1.397 ms|   419215|   419215|      none|
        +-----------------------------------+------------------------+---------+---------+----------+----------+---------+---------+----------+

        * Loop: 
        N/A



================================================================
== Utilization Estimates
================================================================
* Summary: 
+---------------------+---------+------+---------+---------+-----+
|         Name        | BRAM_18K|  DSP |    FF   |   LUT   | URAM|
+---------------------+---------+------+---------+---------+-----+
|DSP                  |        -|     -|        -|        -|    -|
|Expression           |        -|     -|        0|       10|    -|
|FIFO                 |        -|     -|        -|        -|    -|
|Instance             |      426|   694|   114577|   127761|    -|
|Memory               |       16|     -|        0|        0|    -|
|Multiplexer          |        -|     -|        -|     1430|    -|
|Register             |        -|     -|      983|        -|    -|
+---------------------+---------+------+---------+---------+-----+
|Total                |      442|   694|   115560|   129201|    0|
+---------------------+---------+------+---------+---------+-----+
|Available SLR        |     1440|  2280|   788160|   394080|  320|
+---------------------+---------+------+---------+---------+-----+
|Utilization SLR (%)  |       30|    30|       14|       32|    0|
+---------------------+---------+------+---------+---------+-----+
|Available            |     4320|  6840|  2364480|  1182240|  960|
+---------------------+---------+------+---------+---------+-----+
|Utilization (%)      |       10|    10|        4|       10|    0|
+---------------------+---------+------+---------+---------+-----+

+ Detail: 
    * Instance: 
    +-------------------------------------+-------------------------------+---------+-----+-------+-------+-----+
    |               Instance              |             Module            | BRAM_18K| DSP |   FF  |  LUT  | URAM|
    +-------------------------------------+-------------------------------+---------+-----+-------+-------+-----+
    |grp_attention_scores_fused_fu_456    |attention_scores_fused         |        0|   94|  13230|  10037|    0|
    |grp_attention_values_fused_fu_493    |attention_values_fused         |        0|   64|   7342|   4085|    0|
    |control_s_axi_U                      |control_s_axi                  |        0|    0|   1390|   2472|    0|
    |fmul_32ns_32ns_32_4_max_dsp_1_U1097  |fmul_32ns_32ns_32_4_max_dsp_1  |        0|    3|    143|     78|    0|
    |fmul_32ns_32ns_32_4_max_dsp_1_U1099  |fmul_32ns_32ns_32_4_max_dsp_1  |        0|    3|    143|     78|    0|
    |fpext_32ns_64_2_no_dsp_1_U1031       |fpext_32ns_64_2_no_dsp_1       |        0|    0|      0|      0|    0|
    |gmem0_m_axi_U                        |gmem0_m_axi                    |       30|    0|   1415|   1585|    0|
    |gmem10_m_axi_U                       |gmem10_m_axi                   |        2|    0|    548|    700|    0|
    |gmem11_m_axi_U                       |gmem11_m_axi                   |       30|    0|   1415|   1585|    0|
    |gmem12_m_axi_U                       |gmem12_m_axi                   |       30|    0|   1415|   1585|    0|
    |gmem13_m_axi_U                       |gmem13_m_axi                   |       30|    0|   1415|   1585|    0|
    |gmem14_m_axi_U                       |gmem14_m_axi                   |       30|    0|   1415|   1585|    0|
    |gmem1_m_axi_U                        |gmem1_m_axi                    |       30|    0|   1415|   1585|    0|
    |gmem2_m_axi_U                        |gmem2_m_axi                    |       30|    0|   1415|   1585|    0|
    |gmem3_m_axi_U                        |gmem3_m_axi                    |       30|    0|   1415|   1585|    0|
    |gmem4_m_axi_U                        |gmem4_m_axi                    |       30|    0|   1415|   1585|    0|
    |gmem5_m_axi_U                        |gmem5_m_axi                    |       30|    0|   1415|   1585|    0|
    |gmem6_m_axi_U                        |gmem6_m_axi                    |       30|    0|   1415|   1585|    0|
    |gmem7_m_axi_U                        |gmem7_m_axi                    |       30|    0|   1415|   1585|    0|
    |gmem8_m_axi_U                        |gmem8_m_axi                    |       30|    0|   1415|   1585|    0|
    |gmem9_m_axi_U                        |gmem9_m_axi                    |       30|    0|   1415|   1585|    0|
    |grp_layernorm_fused2_fu_504          |layernorm_fused2               |        0|    2|   4398|   4437|    0|
    |grp_linear_dataflow2_fu_468          |linear_dataflow2               |        4|  134|  14498|  22521|    0|
    |mul_26s_28ns_53_2_1_U1101            |mul_26s_28ns_53_2_1            |        0|    1|    149|     41|    0|
    |mul_32s_34ns_64_2_1_U1102            |mul_32s_34ns_64_2_1            |        0|    0|    173|     53|    0|
    |mul_32s_34ns_65_2_1_U1096            |mul_32s_34ns_65_2_1            |        0|    0|    173|     53|    0|
    |mul_32s_8s_32_2_1_U1032              |mul_32s_8s_32_2_1              |        0|    0|    165|     49|    0|
    |mul_32s_8s_32_2_1_U1033              |mul_32s_8s_32_2_1              |        0|    0|    165|     49|    0|
    |mul_32s_8s_32_2_1_U1034              |mul_32s_8s_32_2_1              |        0|    0|    165|     49|    0|
    |mul_32s_8s_32_2_1_U1035              |mul_32s_8s_32_2_1              |        0|    0|    165|     49|    0|
    |mul_32s_8s_32_2_1_U1036              |mul_32s_8s_32_2_1              |        0|    0|    165|     49|    0|
    |mul_32s_8s_32_2_1_U1037              |mul_32s_8s_32_2_1              |        0|    0|    165|     49|    0|
    |mul_32s_8s_32_2_1_U1038              |mul_32s_8s_32_2_1              |        0|    0|    165|     49|    0|
    |mul_32s_8s_32_2_1_U1039              |mul_32s_8s_32_2_1              |        0|    0|    165|     49|    0|
    |mul_32s_8s_32_2_1_U1040              |mul_32s_8s_32_2_1              |        0|    0|    165|     49|    0|
    |mul_32s_8s_32_2_1_U1041              |mul_32s_8s_32_2_1              |        0|    0|    165|     49|    0|
    |mul_32s_8s_32_2_1_U1042              |mul_32s_8s_32_2_1              |        0|    0|    165|     49|    0|
    |mul_32s_8s_32_2_1_U1043              |mul_32s_8s_32_2_1              |        0|    0|    165|     49|    0|
    |mul_32s_8s_32_2_1_U1044              |mul_32s_8s_32_2_1              |        0|    0|    165|     49|    0|
    |mul_32s_8s_32_2_1_U1045              |mul_32s_8s_32_2_1              |        0|    0|    165|     49|    0|
    |mul_32s_8s_32_2_1_U1046              |mul_32s_8s_32_2_1              |        0|    0|    165|     49|    0|
    |mul_32s_8s_32_2_1_U1047              |mul_32s_8s_32_2_1              |        0|    0|    165|     49|    0|
    |mul_32s_8s_32_2_1_U1048              |mul_32s_8s_32_2_1              |        0|    0|    165|     49|    0|
    |mul_32s_8s_32_2_1_U1049              |mul_32s_8s_32_2_1              |        0|    0|    165|     49|    0|
    |mul_32s_8s_32_2_1_U1050              |mul_32s_8s_32_2_1              |        0|    0|    165|     49|    0|
    |mul_32s_8s_32_2_1_U1051              |mul_32s_8s_32_2_1              |        0|    0|    165|     49|    0|
    |mul_32s_8s_32_2_1_U1052              |mul_32s_8s_32_2_1              |        0|    0|    165|     49|    0|
    |mul_32s_8s_32_2_1_U1053              |mul_32s_8s_32_2_1              |        0|    0|    165|     49|    0|
    |mul_32s_8s_32_2_1_U1054              |mul_32s_8s_32_2_1              |        0|    0|    165|     49|    0|
    |mul_32s_8s_32_2_1_U1055              |mul_32s_8s_32_2_1              |        0|    0|    165|     49|    0|
    |mul_32s_8s_32_2_1_U1056              |mul_32s_8s_32_2_1              |        0|    0|    165|     49|    0|
    |mul_32s_8s_32_2_1_U1057              |mul_32s_8s_32_2_1              |        0|    0|    165|     49|    0|
    |mul_32s_8s_32_2_1_U1058              |mul_32s_8s_32_2_1              |        0|    0|    165|     49|    0|
    |mul_32s_8s_32_2_1_U1059              |mul_32s_8s_32_2_1              |        0|    0|    165|     49|    0|
    |mul_32s_8s_32_2_1_U1060              |mul_32s_8s_32_2_1              |        0|    0|    165|     49|    0|
    |mul_32s_8s_32_2_1_U1061              |mul_32s_8s_32_2_1              |        0|    0|    165|     49|    0|
    |mul_32s_8s_32_2_1_U1062              |mul_32s_8s_32_2_1              |        0|    0|    165|     49|    0|
    |mul_32s_8s_32_2_1_U1063              |mul_32s_8s_32_2_1              |        0|    0|    165|     49|    0|
    |mul_32s_8s_32_2_1_U1064              |mul_32s_8s_32_2_1              |        0|    0|    165|     49|    0|
    |mul_32s_8s_32_2_1_U1065              |mul_32s_8s_32_2_1              |        0|    0|    165|     49|    0|
    |mul_32s_8s_32_2_1_U1066              |mul_32s_8s_32_2_1              |        0|    0|    165|     49|    0|
    |mul_32s_8s_32_2_1_U1067              |mul_32s_8s_32_2_1              |        0|    0|    165|     49|    0|
    |mul_32s_8s_32_2_1_U1068              |mul_32s_8s_32_2_1              |        0|    0|    165|     49|    0|
    |mul_32s_8s_32_2_1_U1069              |mul_32s_8s_32_2_1              |        0|    0|    165|     49|    0|
    |mul_32s_8s_32_2_1_U1070              |mul_32s_8s_32_2_1              |        0|    0|    165|     49|    0|
    |mul_32s_8s_32_2_1_U1071              |mul_32s_8s_32_2_1              |        0|    0|    165|     49|    0|
    |mul_32s_8s_32_2_1_U1072              |mul_32s_8s_32_2_1              |        0|    0|    165|     49|    0|
    |mul_32s_8s_32_2_1_U1073              |mul_32s_8s_32_2_1              |        0|    0|    165|     49|    0|
    |mul_32s_8s_32_2_1_U1074              |mul_32s_8s_32_2_1              |        0|    0|    165|     49|    0|
    |mul_32s_8s_32_2_1_U1075              |mul_32s_8s_32_2_1              |        0|    0|    165|     49|    0|
    |mul_32s_8s_32_2_1_U1076              |mul_32s_8s_32_2_1              |        0|    0|    165|     49|    0|
    |mul_32s_8s_32_2_1_U1077              |mul_32s_8s_32_2_1              |        0|    0|    165|     49|    0|
    |mul_32s_8s_32_2_1_U1078              |mul_32s_8s_32_2_1              |        0|    0|    165|     49|    0|
    |mul_32s_8s_32_2_1_U1079              |mul_32s_8s_32_2_1              |        0|    0|    165|     49|    0|
    |mul_32s_8s_32_2_1_U1080              |mul_32s_8s_32_2_1              |        0|    0|    165|     49|    0|
    |mul_32s_8s_32_2_1_U1081              |mul_32s_8s_32_2_1              |        0|    0|    165|     49|    0|
    |mul_32s_8s_32_2_1_U1082              |mul_32s_8s_32_2_1              |        0|    0|    165|     49|    0|
    |mul_32s_8s_32_2_1_U1083              |mul_32s_8s_32_2_1              |        0|    0|    165|     49|    0|
    |mul_32s_8s_32_2_1_U1084              |mul_32s_8s_32_2_1              |        0|    0|    165|     49|    0|
    |mul_32s_8s_32_2_1_U1085              |mul_32s_8s_32_2_1              |        0|    0|    165|     49|    0|
    |mul_32s_8s_32_2_1_U1086              |mul_32s_8s_32_2_1              |        0|    0|    165|     49|    0|
    |mul_32s_8s_32_2_1_U1087              |mul_32s_8s_32_2_1              |        0|    0|    165|     49|    0|
    |mul_32s_8s_32_2_1_U1088              |mul_32s_8s_32_2_1              |        0|    0|    165|     49|    0|
    |mul_32s_8s_32_2_1_U1089              |mul_32s_8s_32_2_1              |        0|    0|    165|     49|    0|
    |mul_32s_8s_32_2_1_U1090              |mul_32s_8s_32_2_1              |        0|    0|    165|     49|    0|
    |mul_32s_8s_32_2_1_U1091              |mul_32s_8s_32_2_1              |        0|    0|    165|     49|    0|
    |mul_32s_8s_32_2_1_U1092              |mul_32s_8s_32_2_1              |        0|    0|    165|     49|    0|
    |mul_32s_8s_32_2_1_U1093              |mul_32s_8s_32_2_1              |        0|    0|    165|     49|    0|
    |mul_32s_8s_32_2_1_U1094              |mul_32s_8s_32_2_1              |        0|    0|    165|     49|    0|
    |mul_32s_8s_32_2_1_U1095              |mul_32s_8s_32_2_1              |        0|    0|    165|     49|    0|
    |sitofp_32ns_32_5_no_dsp_1_U1098      |sitofp_32ns_32_5_no_dsp_1      |        0|    0|      0|      0|    0|
    |sitofp_32s_32_5_no_dsp_1_U1100       |sitofp_32s_32_5_no_dsp_1       |        0|    0|      0|      0|    0|
    |grp_stage1_1_fu_382                  |stage1_1                       |        0|  393|  42020|  57880|    0|
    +-------------------------------------+-------------------------------+---------+-----+-------+-------+-----+
    |Total                                |                               |      426|  694| 114577| 127761|    0|
    +-------------------------------------+-------------------------------+---------+-----+-------+-------+-----+

    * DSP: 
    N/A

    * Memory: 
    +-------------------+-----------------+---------+---+----+-----+--------+-----+------+-------------+
    |       Memory      |      Module     | BRAM_18K| FF| LUT| URAM|  Words | Bits| Banks| W*Bits*Banks|
    +-------------------+-----------------+---------+---+----+-----+--------+-----+------+-------------+
    |att_out_buff_U     |att_out_buff     |        4|  0|   0|    0|   98304|    8|     1|       786432|
    |att_scores_buff_U  |att_scores_buff  |        4|  0|   0|    0|  196608|    8|     1|      1572864|
    |lin_buff_U         |lin_buff         |        8|  0|   0|    0|   98304|   16|     1|      1572864|
    +-------------------+-----------------+---------+---+----+-----+--------+-----+------+-------------+
    |Total              |                 |       16|  0|   0|    0|  393216|   32|     3|      3932160|
    +-------------------+-----------------+---------+---+----+-----+--------+-----+------+-------------+

    * FIFO: 
    N/A

    * Expression: 
    +----------------------------------------------+----------+----+---+----+------------+------------+
    |                 Variable Name                | Operation| DSP| FF| LUT| Bitwidth P0| Bitwidth P1|
    +----------------------------------------------+----------+----+---+----+------------+------------+
    |ap_block_state1                               |        or|   0|  0|   2|           1|           1|
    |ap_sync_grp_linear_dataflow2_fu_468_ap_done   |        or|   0|  0|   2|           1|           1|
    |ap_sync_grp_linear_dataflow2_fu_468_ap_ready  |        or|   0|  0|   2|           1|           1|
    |ap_sync_grp_stage1_1_fu_382_ap_done           |        or|   0|  0|   2|           1|           1|
    |ap_sync_grp_stage1_1_fu_382_ap_ready          |        or|   0|  0|   2|           1|           1|
    +----------------------------------------------+----------+----+---+----+------------+------------+
    |Total                                         |          |   0|  0|  10|           5|           5|
    +----------------------------------------------+----------+----+---+----+------------+------------+

    * Multiplexer: 
    +--------------------------+----+-----------+-----+-----------+
    |           Name           | LUT| Input Size| Bits| Total Bits|
    +--------------------------+----+-----------+-----+-----------+
    |ap_NS_fsm                 |  59|         11|    1|         11|
    |ap_done                   |   9|          2|    1|          2|
    |att_out_buff_address0     |  14|          3|   17|         51|
    |att_out_buff_ce0          |  14|          3|    1|          3|
    |att_out_buff_we0          |   9|          2|    1|          2|
    |att_scores_buff_address0  |  14|          3|   18|         54|
    |att_scores_buff_ce0       |  14|          3|    1|          3|
    |att_scores_buff_we0       |   9|          2|    1|          2|
    |gmem0_ARADDR              |  14|          3|   64|        192|
    |gmem0_ARBURST             |  14|          3|    2|          6|
    |gmem0_ARCACHE             |  14|          3|    4|         12|
    |gmem0_ARID                |  14|          3|    1|          3|
    |gmem0_ARLEN               |  14|          3|   32|         96|
    |gmem0_ARLOCK              |  14|          3|    2|          6|
    |gmem0_ARPROT              |  14|          3|    3|          9|
    |gmem0_ARQOS               |  14|          3|    4|         12|
    |gmem0_ARREGION            |  14|          3|    4|         12|
    |gmem0_ARSIZE              |  14|          3|    3|          9|
    |gmem0_ARUSER              |  14|          3|    1|          3|
    |gmem0_ARVALID             |  14|          3|    1|          3|
    |gmem0_RREADY              |  14|          3|    1|          3|
    |gmem10_AWVALID            |   9|          2|    1|          2|
    |gmem10_BREADY             |   9|          2|    1|          2|
    |gmem10_WVALID             |   9|          2|    1|          2|
    |gmem11_ARVALID            |   9|          2|    1|          2|
    |gmem11_RREADY             |   9|          2|    1|          2|
    |gmem12_ARVALID            |   9|          2|    1|          2|
    |gmem12_RREADY             |   9|          2|    1|          2|
    |gmem13_ARVALID            |   9|          2|    1|          2|
    |gmem13_RREADY             |   9|          2|    1|          2|
    |gmem14_ARVALID            |   9|          2|    1|          2|
    |gmem14_RREADY             |   9|          2|    1|          2|
    |gmem1_ARVALID             |   9|          2|    1|          2|
    |gmem1_AWVALID             |   9|          2|    1|          2|
    |gmem1_BREADY              |   9|          2|    1|          2|
    |gmem1_RREADY              |   9|          2|    1|          2|
    |gmem1_WVALID              |   9|          2|    1|          2|
    |gmem2_ARVALID             |   9|          2|    1|          2|
    |gmem2_AWVALID             |   9|          2|    1|          2|
    |gmem2_BREADY              |   9|          2|    1|          2|
    |gmem2_RREADY              |   9|          2|    1|          2|
    |gmem2_WVALID              |   9|          2|    1|          2|
    |gmem3_ARVALID             |   9|          2|    1|          2|
    |gmem3_AWVALID             |   9|          2|    1|          2|
    |gmem3_BREADY              |   9|          2|    1|          2|
    |gmem3_RREADY              |   9|          2|    1|          2|
    |gmem3_WVALID              |   9|          2|    1|          2|
    |gmem4_ARVALID             |   9|          2|    1|          2|
    |gmem4_RREADY              |   9|          2|    1|          2|
    |gmem5_ARVALID             |   9|          2|    1|          2|
    |gmem5_RREADY              |   9|          2|    1|          2|
    |gmem6_ARVALID             |   9|          2|    1|          2|
    |gmem6_RREADY              |   9|          2|    1|          2|
    |gmem7_ARVALID             |   9|          2|    1|          2|
    |gmem7_RREADY              |   9|          2|    1|          2|
    |gmem8_ARVALID             |   9|          2|    1|          2|
    |gmem8_RREADY              |   9|          2|    1|          2|
    |gmem9_ARVALID             |   9|          2|    1|          2|
    |gmem9_RREADY              |   9|          2|    1|          2|
    |grp_fu_640_ce             |  14|          3|    1|          3|
    |grp_fu_640_p0             |   9|          2|   32|         64|
    |grp_fu_643_ce             |   9|          2|    1|          2|
    |grp_fu_647_ce             |   9|          2|    1|          2|
    |grp_fu_651_ce             |   9|          2|    1|          2|
    |grp_fu_655_ce             |   9|          2|    1|          2|
    |grp_fu_659_ce             |   9|          2|    1|          2|
    |grp_fu_663_ce             |   9|          2|    1|          2|
    |grp_fu_667_ce             |   9|          2|    1|          2|
    |grp_fu_671_ce             |   9|          2|    1|          2|
    |grp_fu_675_ce             |   9|          2|    1|          2|
    |grp_fu_679_ce             |   9|          2|    1|          2|
    |grp_fu_683_ce             |   9|          2|    1|          2|
    |grp_fu_687_ce             |   9|          2|    1|          2|
    |grp_fu_691_ce             |   9|          2|    1|          2|
    |grp_fu_695_ce             |   9|          2|    1|          2|
    |grp_fu_699_ce             |   9|          2|    1|          2|
    |grp_fu_703_ce             |   9|          2|    1|          2|
    |grp_fu_707_ce             |   9|          2|    1|          2|
    |grp_fu_711_ce             |   9|          2|    1|          2|
    |grp_fu_715_ce             |   9|          2|    1|          2|
    |grp_fu_719_ce             |   9|          2|    1|          2|
    |grp_fu_723_ce             |   9|          2|    1|          2|
    |grp_fu_727_ce             |   9|          2|    1|          2|
    |grp_fu_731_ce             |   9|          2|    1|          2|
    |grp_fu_735_ce             |   9|          2|    1|          2|
    |grp_fu_739_ce             |   9|          2|    1|          2|
    |grp_fu_743_ce             |   9|          2|    1|          2|
    |grp_fu_747_ce             |   9|          2|    1|          2|
    |grp_fu_751_ce             |   9|          2|    1|          2|
    |grp_fu_755_ce             |   9|          2|    1|          2|
    |grp_fu_759_ce             |   9|          2|    1|          2|
    |grp_fu_763_ce             |   9|          2|    1|          2|
    |grp_fu_767_ce             |   9|          2|    1|          2|
    |grp_fu_771_ce             |   9|          2|    1|          2|
    |grp_fu_775_ce             |   9|          2|    1|          2|
    |grp_fu_779_ce             |   9|          2|    1|          2|
    |grp_fu_783_ce             |   9|          2|    1|          2|
    |grp_fu_787_ce             |   9|          2|    1|          2|
    |grp_fu_791_ce             |   9|          2|    1|          2|
    |grp_fu_795_ce             |   9|          2|    1|          2|
    |grp_fu_799_ce             |   9|          2|    1|          2|
    |grp_fu_803_ce             |   9|          2|    1|          2|
    |grp_fu_807_ce             |   9|          2|    1|          2|
    |grp_fu_811_ce             |   9|          2|    1|          2|
    |grp_fu_815_ce             |   9|          2|    1|          2|
    |grp_fu_819_ce             |   9|          2|    1|          2|
    |grp_fu_823_ce             |   9|          2|    1|          2|
    |grp_fu_827_ce             |   9|          2|    1|          2|
    |grp_fu_831_ce             |   9|          2|    1|          2|
    |grp_fu_835_ce             |   9|          2|    1|          2|
    |grp_fu_839_ce             |   9|          2|    1|          2|
    |grp_fu_843_ce             |   9|          2|    1|          2|
    |grp_fu_847_ce             |   9|          2|    1|          2|
    |grp_fu_851_ce             |   9|          2|    1|          2|
    |grp_fu_855_ce             |   9|          2|    1|          2|
    |grp_fu_859_ce             |   9|          2|    1|          2|
    |grp_fu_863_ce             |   9|          2|    1|          2|
    |grp_fu_867_ce             |   9|          2|    1|          2|
    |grp_fu_871_ce             |   9|          2|    1|          2|
    |grp_fu_875_ce             |   9|          2|    1|          2|
    |grp_fu_879_ce             |   9|          2|    1|          2|
    |grp_fu_883_ce             |   9|          2|    1|          2|
    |grp_fu_887_ce             |   9|          2|    1|          2|
    |grp_fu_891_ce             |   9|          2|    1|          2|
    |grp_fu_895_ce             |   9|          2|    1|          2|
    |grp_fu_899_ce             |   9|          2|    1|          2|
    |grp_fu_903_ce             |  14|          3|    1|          3|
    |grp_fu_903_p0             |   9|          2|   32|         64|
    |grp_fu_903_p1             |   9|          2|   32|         64|
    |grp_fu_907_ce             |  14|          3|    1|          3|
    |grp_fu_907_p0             |   9|          2|   32|         64|
    |grp_fu_910_ce             |   9|          2|    1|          2|
    |grp_fu_914_ce             |   9|          2|    1|          2|
    |grp_fu_917_ce             |   9|          2|    1|          2|
    |grp_fu_921_ce             |   9|          2|    1|          2|
    |lin_buff_address0         |  14|          3|   17|         51|
    |lin_buff_ce0              |  14|          3|    1|          3|
    |lin_buff_ce1              |   9|          2|    1|          2|
    |lin_buff_d0               |  14|          3|   16|         48|
    |lin_buff_we0              |  14|          3|    1|          3|
    +--------------------------+----+-----------+-----+-----------+
    |Total                     |1430|        313|  437|       1080|
    +--------------------------+----+-----------+-----+-----------+

    * Register: 
    +--------------------------------------------------+----+----+-----+-----------+
    |                       Name                       | FF | LUT| Bits| Const Bits|
    +--------------------------------------------------+----+----+-----+-----------+
    |ap_CS_fsm                                         |  10|   0|   10|          0|
    |ap_done_reg                                       |   1|   0|    1|          0|
    |ap_rst_n_inv                                      |   1|   0|    1|          0|
    |ap_rst_reg_1                                      |   1|   0|    1|          0|
    |ap_rst_reg_2                                      |   1|   0|    1|          0|
    |ap_sync_reg_grp_linear_dataflow2_fu_468_ap_done   |   1|   0|    1|          0|
    |ap_sync_reg_grp_linear_dataflow2_fu_468_ap_ready  |   1|   0|    1|          0|
    |ap_sync_reg_grp_stage1_1_fu_382_ap_done           |   1|   0|    1|          0|
    |ap_sync_reg_grp_stage1_1_fu_382_ap_ready          |   1|   0|    1|          0|
    |grp_attention_scores_fused_fu_456_ap_start_reg    |   1|   0|    1|          0|
    |grp_attention_values_fused_fu_493_ap_start_reg    |   1|   0|    1|          0|
    |grp_layernorm_fused2_fu_504_ap_start_reg          |   1|   0|    1|          0|
    |grp_linear_dataflow2_fu_468_ap_start_reg          |   1|   0|    1|          0|
    |grp_stage1_1_fu_382_ap_start_reg                  |   1|   0|    1|          0|
    |key_read_reg_596                                  |  64|   0|   64|          0|
    |query_read_reg_602                                |  64|   0|   64|          0|
    |stage1_in_read_reg_608                            |  64|   0|   64|          0|
    |stage1_key_bias_read_reg_570                      |  64|   0|   64|          0|
    |stage1_key_weight_t_read_reg_575                  |  64|   0|   64|          0|
    |stage1_query_bias_read_reg_580                    |  64|   0|   64|          0|
    |stage1_query_weight_t_read_reg_585                |  64|   0|   64|          0|
    |stage1_value_bias_read_reg_560                    |  64|   0|   64|          0|
    |stage1_value_weight_t_read_reg_565                |  64|   0|   64|          0|
    |stage2_dense_bias_read_reg_530                    |  64|   0|   64|          0|
    |stage2_dense_weight_t_read_reg_535                |  64|   0|   64|          0|
    |stage2_norm_bias_read_reg_520                     |  64|   0|   64|          0|
    |stage2_norm_weight_read_reg_525                   |  64|   0|   64|          0|
    |stage2_out_read_reg_540                           |  64|   0|   64|          0|
    |value_read_reg_590                                |  64|   0|   64|          0|
    +--------------------------------------------------+----+----+-----+-----------+
    |Total                                             | 983|   0|  983|          0|
    +--------------------------------------------------+----+----+-----+-----------+



================================================================
== Interface
================================================================
* Summary: 
+-----------------------+-----+-----+---------------+--------------+--------------+
|       RTL Ports       | Dir | Bits|    Protocol   | Source Object|    C Type    |
+-----------------------+-----+-----+---------------+--------------+--------------+
|s_axi_control_AWVALID  |   in|    1|          s_axi|       control|        scalar|
|s_axi_control_AWREADY  |  out|    1|          s_axi|       control|        scalar|
|s_axi_control_AWADDR   |   in|    9|          s_axi|       control|        scalar|
|s_axi_control_WVALID   |   in|    1|          s_axi|       control|        scalar|
|s_axi_control_WREADY   |  out|    1|          s_axi|       control|        scalar|
|s_axi_control_WDATA    |   in|   32|          s_axi|       control|        scalar|
|s_axi_control_WSTRB    |   in|    4|          s_axi|       control|        scalar|
|s_axi_control_ARVALID  |   in|    1|          s_axi|       control|        scalar|
|s_axi_control_ARREADY  |  out|    1|          s_axi|       control|        scalar|
|s_axi_control_ARADDR   |   in|    9|          s_axi|       control|        scalar|
|s_axi_control_RVALID   |  out|    1|          s_axi|       control|        scalar|
|s_axi_control_RREADY   |   in|    1|          s_axi|       control|        scalar|
|s_axi_control_RDATA    |  out|   32|          s_axi|       control|        scalar|
|s_axi_control_RRESP    |  out|    2|          s_axi|       control|        scalar|
|s_axi_control_BVALID   |  out|    1|          s_axi|       control|        scalar|
|s_axi_control_BREADY   |   in|    1|          s_axi|       control|        scalar|
|s_axi_control_BRESP    |  out|    2|          s_axi|       control|        scalar|
|ap_clk                 |   in|    1|  ap_ctrl_chain|         fpga1|  return value|
|ap_rst_n               |   in|    1|  ap_ctrl_chain|         fpga1|  return value|
|interrupt              |  out|    1|  ap_ctrl_chain|         fpga1|  return value|
|m_axi_gmem0_AWVALID    |  out|    1|          m_axi|         gmem0|       pointer|
|m_axi_gmem0_AWREADY    |   in|    1|          m_axi|         gmem0|       pointer|
|m_axi_gmem0_AWADDR     |  out|   64|          m_axi|         gmem0|       pointer|
|m_axi_gmem0_AWID       |  out|    1|          m_axi|         gmem0|       pointer|
|m_axi_gmem0_AWLEN      |  out|    8|          m_axi|         gmem0|       pointer|
|m_axi_gmem0_AWSIZE     |  out|    3|          m_axi|         gmem0|       pointer|
|m_axi_gmem0_AWBURST    |  out|    2|          m_axi|         gmem0|       pointer|
|m_axi_gmem0_AWLOCK     |  out|    2|          m_axi|         gmem0|       pointer|
|m_axi_gmem0_AWCACHE    |  out|    4|          m_axi|         gmem0|       pointer|
|m_axi_gmem0_AWPROT     |  out|    3|          m_axi|         gmem0|       pointer|
|m_axi_gmem0_AWQOS      |  out|    4|          m_axi|         gmem0|       pointer|
|m_axi_gmem0_AWREGION   |  out|    4|          m_axi|         gmem0|       pointer|
|m_axi_gmem0_AWUSER     |  out|    1|          m_axi|         gmem0|       pointer|
|m_axi_gmem0_WVALID     |  out|    1|          m_axi|         gmem0|       pointer|
|m_axi_gmem0_WREADY     |   in|    1|          m_axi|         gmem0|       pointer|
|m_axi_gmem0_WDATA      |  out|  512|          m_axi|         gmem0|       pointer|
|m_axi_gmem0_WSTRB      |  out|   64|          m_axi|         gmem0|       pointer|
|m_axi_gmem0_WLAST      |  out|    1|          m_axi|         gmem0|       pointer|
|m_axi_gmem0_WID        |  out|    1|          m_axi|         gmem0|       pointer|
|m_axi_gmem0_WUSER      |  out|    1|          m_axi|         gmem0|       pointer|
|m_axi_gmem0_ARVALID    |  out|    1|          m_axi|         gmem0|       pointer|
|m_axi_gmem0_ARREADY    |   in|    1|          m_axi|         gmem0|       pointer|
|m_axi_gmem0_ARADDR     |  out|   64|          m_axi|         gmem0|       pointer|
|m_axi_gmem0_ARID       |  out|    1|          m_axi|         gmem0|       pointer|
|m_axi_gmem0_ARLEN      |  out|    8|          m_axi|         gmem0|       pointer|
|m_axi_gmem0_ARSIZE     |  out|    3|          m_axi|         gmem0|       pointer|
|m_axi_gmem0_ARBURST    |  out|    2|          m_axi|         gmem0|       pointer|
|m_axi_gmem0_ARLOCK     |  out|    2|          m_axi|         gmem0|       pointer|
|m_axi_gmem0_ARCACHE    |  out|    4|          m_axi|         gmem0|       pointer|
|m_axi_gmem0_ARPROT     |  out|    3|          m_axi|         gmem0|       pointer|
|m_axi_gmem0_ARQOS      |  out|    4|          m_axi|         gmem0|       pointer|
|m_axi_gmem0_ARREGION   |  out|    4|          m_axi|         gmem0|       pointer|
|m_axi_gmem0_ARUSER     |  out|    1|          m_axi|         gmem0|       pointer|
|m_axi_gmem0_RVALID     |   in|    1|          m_axi|         gmem0|       pointer|
|m_axi_gmem0_RREADY     |  out|    1|          m_axi|         gmem0|       pointer|
|m_axi_gmem0_RDATA      |   in|  512|          m_axi|         gmem0|       pointer|
|m_axi_gmem0_RLAST      |   in|    1|          m_axi|         gmem0|       pointer|
|m_axi_gmem0_RID        |   in|    1|          m_axi|         gmem0|       pointer|
|m_axi_gmem0_RUSER      |   in|    1|          m_axi|         gmem0|       pointer|
|m_axi_gmem0_RRESP      |   in|    2|          m_axi|         gmem0|       pointer|
|m_axi_gmem0_BVALID     |   in|    1|          m_axi|         gmem0|       pointer|
|m_axi_gmem0_BREADY     |  out|    1|          m_axi|         gmem0|       pointer|
|m_axi_gmem0_BRESP      |   in|    2|          m_axi|         gmem0|       pointer|
|m_axi_gmem0_BID        |   in|    1|          m_axi|         gmem0|       pointer|
|m_axi_gmem0_BUSER      |   in|    1|          m_axi|         gmem0|       pointer|
|m_axi_gmem1_AWVALID    |  out|    1|          m_axi|         gmem1|       pointer|
|m_axi_gmem1_AWREADY    |   in|    1|          m_axi|         gmem1|       pointer|
|m_axi_gmem1_AWADDR     |  out|   64|          m_axi|         gmem1|       pointer|
|m_axi_gmem1_AWID       |  out|    1|          m_axi|         gmem1|       pointer|
|m_axi_gmem1_AWLEN      |  out|    8|          m_axi|         gmem1|       pointer|
|m_axi_gmem1_AWSIZE     |  out|    3|          m_axi|         gmem1|       pointer|
|m_axi_gmem1_AWBURST    |  out|    2|          m_axi|         gmem1|       pointer|
|m_axi_gmem1_AWLOCK     |  out|    2|          m_axi|         gmem1|       pointer|
|m_axi_gmem1_AWCACHE    |  out|    4|          m_axi|         gmem1|       pointer|
|m_axi_gmem1_AWPROT     |  out|    3|          m_axi|         gmem1|       pointer|
|m_axi_gmem1_AWQOS      |  out|    4|          m_axi|         gmem1|       pointer|
|m_axi_gmem1_AWREGION   |  out|    4|          m_axi|         gmem1|       pointer|
|m_axi_gmem1_AWUSER     |  out|    1|          m_axi|         gmem1|       pointer|
|m_axi_gmem1_WVALID     |  out|    1|          m_axi|         gmem1|       pointer|
|m_axi_gmem1_WREADY     |   in|    1|          m_axi|         gmem1|       pointer|
|m_axi_gmem1_WDATA      |  out|  512|          m_axi|         gmem1|       pointer|
|m_axi_gmem1_WSTRB      |  out|   64|          m_axi|         gmem1|       pointer|
|m_axi_gmem1_WLAST      |  out|    1|          m_axi|         gmem1|       pointer|
|m_axi_gmem1_WID        |  out|    1|          m_axi|         gmem1|       pointer|
|m_axi_gmem1_WUSER      |  out|    1|          m_axi|         gmem1|       pointer|
|m_axi_gmem1_ARVALID    |  out|    1|          m_axi|         gmem1|       pointer|
|m_axi_gmem1_ARREADY    |   in|    1|          m_axi|         gmem1|       pointer|
|m_axi_gmem1_ARADDR     |  out|   64|          m_axi|         gmem1|       pointer|
|m_axi_gmem1_ARID       |  out|    1|          m_axi|         gmem1|       pointer|
|m_axi_gmem1_ARLEN      |  out|    8|          m_axi|         gmem1|       pointer|
|m_axi_gmem1_ARSIZE     |  out|    3|          m_axi|         gmem1|       pointer|
|m_axi_gmem1_ARBURST    |  out|    2|          m_axi|         gmem1|       pointer|
|m_axi_gmem1_ARLOCK     |  out|    2|          m_axi|         gmem1|       pointer|
|m_axi_gmem1_ARCACHE    |  out|    4|          m_axi|         gmem1|       pointer|
|m_axi_gmem1_ARPROT     |  out|    3|          m_axi|         gmem1|       pointer|
|m_axi_gmem1_ARQOS      |  out|    4|          m_axi|         gmem1|       pointer|
|m_axi_gmem1_ARREGION   |  out|    4|          m_axi|         gmem1|       pointer|
|m_axi_gmem1_ARUSER     |  out|    1|          m_axi|         gmem1|       pointer|
|m_axi_gmem1_RVALID     |   in|    1|          m_axi|         gmem1|       pointer|
|m_axi_gmem1_RREADY     |  out|    1|          m_axi|         gmem1|       pointer|
|m_axi_gmem1_RDATA      |   in|  512|          m_axi|         gmem1|       pointer|
|m_axi_gmem1_RLAST      |   in|    1|          m_axi|         gmem1|       pointer|
|m_axi_gmem1_RID        |   in|    1|          m_axi|         gmem1|       pointer|
|m_axi_gmem1_RUSER      |   in|    1|          m_axi|         gmem1|       pointer|
|m_axi_gmem1_RRESP      |   in|    2|          m_axi|         gmem1|       pointer|
|m_axi_gmem1_BVALID     |   in|    1|          m_axi|         gmem1|       pointer|
|m_axi_gmem1_BREADY     |  out|    1|          m_axi|         gmem1|       pointer|
|m_axi_gmem1_BRESP      |   in|    2|          m_axi|         gmem1|       pointer|
|m_axi_gmem1_BID        |   in|    1|          m_axi|         gmem1|       pointer|
|m_axi_gmem1_BUSER      |   in|    1|          m_axi|         gmem1|       pointer|
|m_axi_gmem2_AWVALID    |  out|    1|          m_axi|         gmem2|       pointer|
|m_axi_gmem2_AWREADY    |   in|    1|          m_axi|         gmem2|       pointer|
|m_axi_gmem2_AWADDR     |  out|   64|          m_axi|         gmem2|       pointer|
|m_axi_gmem2_AWID       |  out|    1|          m_axi|         gmem2|       pointer|
|m_axi_gmem2_AWLEN      |  out|    8|          m_axi|         gmem2|       pointer|
|m_axi_gmem2_AWSIZE     |  out|    3|          m_axi|         gmem2|       pointer|
|m_axi_gmem2_AWBURST    |  out|    2|          m_axi|         gmem2|       pointer|
|m_axi_gmem2_AWLOCK     |  out|    2|          m_axi|         gmem2|       pointer|
|m_axi_gmem2_AWCACHE    |  out|    4|          m_axi|         gmem2|       pointer|
|m_axi_gmem2_AWPROT     |  out|    3|          m_axi|         gmem2|       pointer|
|m_axi_gmem2_AWQOS      |  out|    4|          m_axi|         gmem2|       pointer|
|m_axi_gmem2_AWREGION   |  out|    4|          m_axi|         gmem2|       pointer|
|m_axi_gmem2_AWUSER     |  out|    1|          m_axi|         gmem2|       pointer|
|m_axi_gmem2_WVALID     |  out|    1|          m_axi|         gmem2|       pointer|
|m_axi_gmem2_WREADY     |   in|    1|          m_axi|         gmem2|       pointer|
|m_axi_gmem2_WDATA      |  out|  512|          m_axi|         gmem2|       pointer|
|m_axi_gmem2_WSTRB      |  out|   64|          m_axi|         gmem2|       pointer|
|m_axi_gmem2_WLAST      |  out|    1|          m_axi|         gmem2|       pointer|
|m_axi_gmem2_WID        |  out|    1|          m_axi|         gmem2|       pointer|
|m_axi_gmem2_WUSER      |  out|    1|          m_axi|         gmem2|       pointer|
|m_axi_gmem2_ARVALID    |  out|    1|          m_axi|         gmem2|       pointer|
|m_axi_gmem2_ARREADY    |   in|    1|          m_axi|         gmem2|       pointer|
|m_axi_gmem2_ARADDR     |  out|   64|          m_axi|         gmem2|       pointer|
|m_axi_gmem2_ARID       |  out|    1|          m_axi|         gmem2|       pointer|
|m_axi_gmem2_ARLEN      |  out|    8|          m_axi|         gmem2|       pointer|
|m_axi_gmem2_ARSIZE     |  out|    3|          m_axi|         gmem2|       pointer|
|m_axi_gmem2_ARBURST    |  out|    2|          m_axi|         gmem2|       pointer|
|m_axi_gmem2_ARLOCK     |  out|    2|          m_axi|         gmem2|       pointer|
|m_axi_gmem2_ARCACHE    |  out|    4|          m_axi|         gmem2|       pointer|
|m_axi_gmem2_ARPROT     |  out|    3|          m_axi|         gmem2|       pointer|
|m_axi_gmem2_ARQOS      |  out|    4|          m_axi|         gmem2|       pointer|
|m_axi_gmem2_ARREGION   |  out|    4|          m_axi|         gmem2|       pointer|
|m_axi_gmem2_ARUSER     |  out|    1|          m_axi|         gmem2|       pointer|
|m_axi_gmem2_RVALID     |   in|    1|          m_axi|         gmem2|       pointer|
|m_axi_gmem2_RREADY     |  out|    1|          m_axi|         gmem2|       pointer|
|m_axi_gmem2_RDATA      |   in|  512|          m_axi|         gmem2|       pointer|
|m_axi_gmem2_RLAST      |   in|    1|          m_axi|         gmem2|       pointer|
|m_axi_gmem2_RID        |   in|    1|          m_axi|         gmem2|       pointer|
|m_axi_gmem2_RUSER      |   in|    1|          m_axi|         gmem2|       pointer|
|m_axi_gmem2_RRESP      |   in|    2|          m_axi|         gmem2|       pointer|
|m_axi_gmem2_BVALID     |   in|    1|          m_axi|         gmem2|       pointer|
|m_axi_gmem2_BREADY     |  out|    1|          m_axi|         gmem2|       pointer|
|m_axi_gmem2_BRESP      |   in|    2|          m_axi|         gmem2|       pointer|
|m_axi_gmem2_BID        |   in|    1|          m_axi|         gmem2|       pointer|
|m_axi_gmem2_BUSER      |   in|    1|          m_axi|         gmem2|       pointer|
|m_axi_gmem3_AWVALID    |  out|    1|          m_axi|         gmem3|       pointer|
|m_axi_gmem3_AWREADY    |   in|    1|          m_axi|         gmem3|       pointer|
|m_axi_gmem3_AWADDR     |  out|   64|          m_axi|         gmem3|       pointer|
|m_axi_gmem3_AWID       |  out|    1|          m_axi|         gmem3|       pointer|
|m_axi_gmem3_AWLEN      |  out|    8|          m_axi|         gmem3|       pointer|
|m_axi_gmem3_AWSIZE     |  out|    3|          m_axi|         gmem3|       pointer|
|m_axi_gmem3_AWBURST    |  out|    2|          m_axi|         gmem3|       pointer|
|m_axi_gmem3_AWLOCK     |  out|    2|          m_axi|         gmem3|       pointer|
|m_axi_gmem3_AWCACHE    |  out|    4|          m_axi|         gmem3|       pointer|
|m_axi_gmem3_AWPROT     |  out|    3|          m_axi|         gmem3|       pointer|
|m_axi_gmem3_AWQOS      |  out|    4|          m_axi|         gmem3|       pointer|
|m_axi_gmem3_AWREGION   |  out|    4|          m_axi|         gmem3|       pointer|
|m_axi_gmem3_AWUSER     |  out|    1|          m_axi|         gmem3|       pointer|
|m_axi_gmem3_WVALID     |  out|    1|          m_axi|         gmem3|       pointer|
|m_axi_gmem3_WREADY     |   in|    1|          m_axi|         gmem3|       pointer|
|m_axi_gmem3_WDATA      |  out|  512|          m_axi|         gmem3|       pointer|
|m_axi_gmem3_WSTRB      |  out|   64|          m_axi|         gmem3|       pointer|
|m_axi_gmem3_WLAST      |  out|    1|          m_axi|         gmem3|       pointer|
|m_axi_gmem3_WID        |  out|    1|          m_axi|         gmem3|       pointer|
|m_axi_gmem3_WUSER      |  out|    1|          m_axi|         gmem3|       pointer|
|m_axi_gmem3_ARVALID    |  out|    1|          m_axi|         gmem3|       pointer|
|m_axi_gmem3_ARREADY    |   in|    1|          m_axi|         gmem3|       pointer|
|m_axi_gmem3_ARADDR     |  out|   64|          m_axi|         gmem3|       pointer|
|m_axi_gmem3_ARID       |  out|    1|          m_axi|         gmem3|       pointer|
|m_axi_gmem3_ARLEN      |  out|    8|          m_axi|         gmem3|       pointer|
|m_axi_gmem3_ARSIZE     |  out|    3|          m_axi|         gmem3|       pointer|
|m_axi_gmem3_ARBURST    |  out|    2|          m_axi|         gmem3|       pointer|
|m_axi_gmem3_ARLOCK     |  out|    2|          m_axi|         gmem3|       pointer|
|m_axi_gmem3_ARCACHE    |  out|    4|          m_axi|         gmem3|       pointer|
|m_axi_gmem3_ARPROT     |  out|    3|          m_axi|         gmem3|       pointer|
|m_axi_gmem3_ARQOS      |  out|    4|          m_axi|         gmem3|       pointer|
|m_axi_gmem3_ARREGION   |  out|    4|          m_axi|         gmem3|       pointer|
|m_axi_gmem3_ARUSER     |  out|    1|          m_axi|         gmem3|       pointer|
|m_axi_gmem3_RVALID     |   in|    1|          m_axi|         gmem3|       pointer|
|m_axi_gmem3_RREADY     |  out|    1|          m_axi|         gmem3|       pointer|
|m_axi_gmem3_RDATA      |   in|  512|          m_axi|         gmem3|       pointer|
|m_axi_gmem3_RLAST      |   in|    1|          m_axi|         gmem3|       pointer|
|m_axi_gmem3_RID        |   in|    1|          m_axi|         gmem3|       pointer|
|m_axi_gmem3_RUSER      |   in|    1|          m_axi|         gmem3|       pointer|
|m_axi_gmem3_RRESP      |   in|    2|          m_axi|         gmem3|       pointer|
|m_axi_gmem3_BVALID     |   in|    1|          m_axi|         gmem3|       pointer|
|m_axi_gmem3_BREADY     |  out|    1|          m_axi|         gmem3|       pointer|
|m_axi_gmem3_BRESP      |   in|    2|          m_axi|         gmem3|       pointer|
|m_axi_gmem3_BID        |   in|    1|          m_axi|         gmem3|       pointer|
|m_axi_gmem3_BUSER      |   in|    1|          m_axi|         gmem3|       pointer|
|m_axi_gmem4_AWVALID    |  out|    1|          m_axi|         gmem4|       pointer|
|m_axi_gmem4_AWREADY    |   in|    1|          m_axi|         gmem4|       pointer|
|m_axi_gmem4_AWADDR     |  out|   64|          m_axi|         gmem4|       pointer|
|m_axi_gmem4_AWID       |  out|    1|          m_axi|         gmem4|       pointer|
|m_axi_gmem4_AWLEN      |  out|    8|          m_axi|         gmem4|       pointer|
|m_axi_gmem4_AWSIZE     |  out|    3|          m_axi|         gmem4|       pointer|
|m_axi_gmem4_AWBURST    |  out|    2|          m_axi|         gmem4|       pointer|
|m_axi_gmem4_AWLOCK     |  out|    2|          m_axi|         gmem4|       pointer|
|m_axi_gmem4_AWCACHE    |  out|    4|          m_axi|         gmem4|       pointer|
|m_axi_gmem4_AWPROT     |  out|    3|          m_axi|         gmem4|       pointer|
|m_axi_gmem4_AWQOS      |  out|    4|          m_axi|         gmem4|       pointer|
|m_axi_gmem4_AWREGION   |  out|    4|          m_axi|         gmem4|       pointer|
|m_axi_gmem4_AWUSER     |  out|    1|          m_axi|         gmem4|       pointer|
|m_axi_gmem4_WVALID     |  out|    1|          m_axi|         gmem4|       pointer|
|m_axi_gmem4_WREADY     |   in|    1|          m_axi|         gmem4|       pointer|
|m_axi_gmem4_WDATA      |  out|  512|          m_axi|         gmem4|       pointer|
|m_axi_gmem4_WSTRB      |  out|   64|          m_axi|         gmem4|       pointer|
|m_axi_gmem4_WLAST      |  out|    1|          m_axi|         gmem4|       pointer|
|m_axi_gmem4_WID        |  out|    1|          m_axi|         gmem4|       pointer|
|m_axi_gmem4_WUSER      |  out|    1|          m_axi|         gmem4|       pointer|
|m_axi_gmem4_ARVALID    |  out|    1|          m_axi|         gmem4|       pointer|
|m_axi_gmem4_ARREADY    |   in|    1|          m_axi|         gmem4|       pointer|
|m_axi_gmem4_ARADDR     |  out|   64|          m_axi|         gmem4|       pointer|
|m_axi_gmem4_ARID       |  out|    1|          m_axi|         gmem4|       pointer|
|m_axi_gmem4_ARLEN      |  out|    8|          m_axi|         gmem4|       pointer|
|m_axi_gmem4_ARSIZE     |  out|    3|          m_axi|         gmem4|       pointer|
|m_axi_gmem4_ARBURST    |  out|    2|          m_axi|         gmem4|       pointer|
|m_axi_gmem4_ARLOCK     |  out|    2|          m_axi|         gmem4|       pointer|
|m_axi_gmem4_ARCACHE    |  out|    4|          m_axi|         gmem4|       pointer|
|m_axi_gmem4_ARPROT     |  out|    3|          m_axi|         gmem4|       pointer|
|m_axi_gmem4_ARQOS      |  out|    4|          m_axi|         gmem4|       pointer|
|m_axi_gmem4_ARREGION   |  out|    4|          m_axi|         gmem4|       pointer|
|m_axi_gmem4_ARUSER     |  out|    1|          m_axi|         gmem4|       pointer|
|m_axi_gmem4_RVALID     |   in|    1|          m_axi|         gmem4|       pointer|
|m_axi_gmem4_RREADY     |  out|    1|          m_axi|         gmem4|       pointer|
|m_axi_gmem4_RDATA      |   in|  512|          m_axi|         gmem4|       pointer|
|m_axi_gmem4_RLAST      |   in|    1|          m_axi|         gmem4|       pointer|
|m_axi_gmem4_RID        |   in|    1|          m_axi|         gmem4|       pointer|
|m_axi_gmem4_RUSER      |   in|    1|          m_axi|         gmem4|       pointer|
|m_axi_gmem4_RRESP      |   in|    2|          m_axi|         gmem4|       pointer|
|m_axi_gmem4_BVALID     |   in|    1|          m_axi|         gmem4|       pointer|
|m_axi_gmem4_BREADY     |  out|    1|          m_axi|         gmem4|       pointer|
|m_axi_gmem4_BRESP      |   in|    2|          m_axi|         gmem4|       pointer|
|m_axi_gmem4_BID        |   in|    1|          m_axi|         gmem4|       pointer|
|m_axi_gmem4_BUSER      |   in|    1|          m_axi|         gmem4|       pointer|
|m_axi_gmem5_AWVALID    |  out|    1|          m_axi|         gmem5|       pointer|
|m_axi_gmem5_AWREADY    |   in|    1|          m_axi|         gmem5|       pointer|
|m_axi_gmem5_AWADDR     |  out|   64|          m_axi|         gmem5|       pointer|
|m_axi_gmem5_AWID       |  out|    1|          m_axi|         gmem5|       pointer|
|m_axi_gmem5_AWLEN      |  out|    8|          m_axi|         gmem5|       pointer|
|m_axi_gmem5_AWSIZE     |  out|    3|          m_axi|         gmem5|       pointer|
|m_axi_gmem5_AWBURST    |  out|    2|          m_axi|         gmem5|       pointer|
|m_axi_gmem5_AWLOCK     |  out|    2|          m_axi|         gmem5|       pointer|
|m_axi_gmem5_AWCACHE    |  out|    4|          m_axi|         gmem5|       pointer|
|m_axi_gmem5_AWPROT     |  out|    3|          m_axi|         gmem5|       pointer|
|m_axi_gmem5_AWQOS      |  out|    4|          m_axi|         gmem5|       pointer|
|m_axi_gmem5_AWREGION   |  out|    4|          m_axi|         gmem5|       pointer|
|m_axi_gmem5_AWUSER     |  out|    1|          m_axi|         gmem5|       pointer|
|m_axi_gmem5_WVALID     |  out|    1|          m_axi|         gmem5|       pointer|
|m_axi_gmem5_WREADY     |   in|    1|          m_axi|         gmem5|       pointer|
|m_axi_gmem5_WDATA      |  out|  512|          m_axi|         gmem5|       pointer|
|m_axi_gmem5_WSTRB      |  out|   64|          m_axi|         gmem5|       pointer|
|m_axi_gmem5_WLAST      |  out|    1|          m_axi|         gmem5|       pointer|
|m_axi_gmem5_WID        |  out|    1|          m_axi|         gmem5|       pointer|
|m_axi_gmem5_WUSER      |  out|    1|          m_axi|         gmem5|       pointer|
|m_axi_gmem5_ARVALID    |  out|    1|          m_axi|         gmem5|       pointer|
|m_axi_gmem5_ARREADY    |   in|    1|          m_axi|         gmem5|       pointer|
|m_axi_gmem5_ARADDR     |  out|   64|          m_axi|         gmem5|       pointer|
|m_axi_gmem5_ARID       |  out|    1|          m_axi|         gmem5|       pointer|
|m_axi_gmem5_ARLEN      |  out|    8|          m_axi|         gmem5|       pointer|
|m_axi_gmem5_ARSIZE     |  out|    3|          m_axi|         gmem5|       pointer|
|m_axi_gmem5_ARBURST    |  out|    2|          m_axi|         gmem5|       pointer|
|m_axi_gmem5_ARLOCK     |  out|    2|          m_axi|         gmem5|       pointer|
|m_axi_gmem5_ARCACHE    |  out|    4|          m_axi|         gmem5|       pointer|
|m_axi_gmem5_ARPROT     |  out|    3|          m_axi|         gmem5|       pointer|
|m_axi_gmem5_ARQOS      |  out|    4|          m_axi|         gmem5|       pointer|
|m_axi_gmem5_ARREGION   |  out|    4|          m_axi|         gmem5|       pointer|
|m_axi_gmem5_ARUSER     |  out|    1|          m_axi|         gmem5|       pointer|
|m_axi_gmem5_RVALID     |   in|    1|          m_axi|         gmem5|       pointer|
|m_axi_gmem5_RREADY     |  out|    1|          m_axi|         gmem5|       pointer|
|m_axi_gmem5_RDATA      |   in|  512|          m_axi|         gmem5|       pointer|
|m_axi_gmem5_RLAST      |   in|    1|          m_axi|         gmem5|       pointer|
|m_axi_gmem5_RID        |   in|    1|          m_axi|         gmem5|       pointer|
|m_axi_gmem5_RUSER      |   in|    1|          m_axi|         gmem5|       pointer|
|m_axi_gmem5_RRESP      |   in|    2|          m_axi|         gmem5|       pointer|
|m_axi_gmem5_BVALID     |   in|    1|          m_axi|         gmem5|       pointer|
|m_axi_gmem5_BREADY     |  out|    1|          m_axi|         gmem5|       pointer|
|m_axi_gmem5_BRESP      |   in|    2|          m_axi|         gmem5|       pointer|
|m_axi_gmem5_BID        |   in|    1|          m_axi|         gmem5|       pointer|
|m_axi_gmem5_BUSER      |   in|    1|          m_axi|         gmem5|       pointer|
|m_axi_gmem6_AWVALID    |  out|    1|          m_axi|         gmem6|       pointer|
|m_axi_gmem6_AWREADY    |   in|    1|          m_axi|         gmem6|       pointer|
|m_axi_gmem6_AWADDR     |  out|   64|          m_axi|         gmem6|       pointer|
|m_axi_gmem6_AWID       |  out|    1|          m_axi|         gmem6|       pointer|
|m_axi_gmem6_AWLEN      |  out|    8|          m_axi|         gmem6|       pointer|
|m_axi_gmem6_AWSIZE     |  out|    3|          m_axi|         gmem6|       pointer|
|m_axi_gmem6_AWBURST    |  out|    2|          m_axi|         gmem6|       pointer|
|m_axi_gmem6_AWLOCK     |  out|    2|          m_axi|         gmem6|       pointer|
|m_axi_gmem6_AWCACHE    |  out|    4|          m_axi|         gmem6|       pointer|
|m_axi_gmem6_AWPROT     |  out|    3|          m_axi|         gmem6|       pointer|
|m_axi_gmem6_AWQOS      |  out|    4|          m_axi|         gmem6|       pointer|
|m_axi_gmem6_AWREGION   |  out|    4|          m_axi|         gmem6|       pointer|
|m_axi_gmem6_AWUSER     |  out|    1|          m_axi|         gmem6|       pointer|
|m_axi_gmem6_WVALID     |  out|    1|          m_axi|         gmem6|       pointer|
|m_axi_gmem6_WREADY     |   in|    1|          m_axi|         gmem6|       pointer|
|m_axi_gmem6_WDATA      |  out|  512|          m_axi|         gmem6|       pointer|
|m_axi_gmem6_WSTRB      |  out|   64|          m_axi|         gmem6|       pointer|
|m_axi_gmem6_WLAST      |  out|    1|          m_axi|         gmem6|       pointer|
|m_axi_gmem6_WID        |  out|    1|          m_axi|         gmem6|       pointer|
|m_axi_gmem6_WUSER      |  out|    1|          m_axi|         gmem6|       pointer|
|m_axi_gmem6_ARVALID    |  out|    1|          m_axi|         gmem6|       pointer|
|m_axi_gmem6_ARREADY    |   in|    1|          m_axi|         gmem6|       pointer|
|m_axi_gmem6_ARADDR     |  out|   64|          m_axi|         gmem6|       pointer|
|m_axi_gmem6_ARID       |  out|    1|          m_axi|         gmem6|       pointer|
|m_axi_gmem6_ARLEN      |  out|    8|          m_axi|         gmem6|       pointer|
|m_axi_gmem6_ARSIZE     |  out|    3|          m_axi|         gmem6|       pointer|
|m_axi_gmem6_ARBURST    |  out|    2|          m_axi|         gmem6|       pointer|
|m_axi_gmem6_ARLOCK     |  out|    2|          m_axi|         gmem6|       pointer|
|m_axi_gmem6_ARCACHE    |  out|    4|          m_axi|         gmem6|       pointer|
|m_axi_gmem6_ARPROT     |  out|    3|          m_axi|         gmem6|       pointer|
|m_axi_gmem6_ARQOS      |  out|    4|          m_axi|         gmem6|       pointer|
|m_axi_gmem6_ARREGION   |  out|    4|          m_axi|         gmem6|       pointer|
|m_axi_gmem6_ARUSER     |  out|    1|          m_axi|         gmem6|       pointer|
|m_axi_gmem6_RVALID     |   in|    1|          m_axi|         gmem6|       pointer|
|m_axi_gmem6_RREADY     |  out|    1|          m_axi|         gmem6|       pointer|
|m_axi_gmem6_RDATA      |   in|  512|          m_axi|         gmem6|       pointer|
|m_axi_gmem6_RLAST      |   in|    1|          m_axi|         gmem6|       pointer|
|m_axi_gmem6_RID        |   in|    1|          m_axi|         gmem6|       pointer|
|m_axi_gmem6_RUSER      |   in|    1|          m_axi|         gmem6|       pointer|
|m_axi_gmem6_RRESP      |   in|    2|          m_axi|         gmem6|       pointer|
|m_axi_gmem6_BVALID     |   in|    1|          m_axi|         gmem6|       pointer|
|m_axi_gmem6_BREADY     |  out|    1|          m_axi|         gmem6|       pointer|
|m_axi_gmem6_BRESP      |   in|    2|          m_axi|         gmem6|       pointer|
|m_axi_gmem6_BID        |   in|    1|          m_axi|         gmem6|       pointer|
|m_axi_gmem6_BUSER      |   in|    1|          m_axi|         gmem6|       pointer|
|m_axi_gmem7_AWVALID    |  out|    1|          m_axi|         gmem7|       pointer|
|m_axi_gmem7_AWREADY    |   in|    1|          m_axi|         gmem7|       pointer|
|m_axi_gmem7_AWADDR     |  out|   64|          m_axi|         gmem7|       pointer|
|m_axi_gmem7_AWID       |  out|    1|          m_axi|         gmem7|       pointer|
|m_axi_gmem7_AWLEN      |  out|    8|          m_axi|         gmem7|       pointer|
|m_axi_gmem7_AWSIZE     |  out|    3|          m_axi|         gmem7|       pointer|
|m_axi_gmem7_AWBURST    |  out|    2|          m_axi|         gmem7|       pointer|
|m_axi_gmem7_AWLOCK     |  out|    2|          m_axi|         gmem7|       pointer|
|m_axi_gmem7_AWCACHE    |  out|    4|          m_axi|         gmem7|       pointer|
|m_axi_gmem7_AWPROT     |  out|    3|          m_axi|         gmem7|       pointer|
|m_axi_gmem7_AWQOS      |  out|    4|          m_axi|         gmem7|       pointer|
|m_axi_gmem7_AWREGION   |  out|    4|          m_axi|         gmem7|       pointer|
|m_axi_gmem7_AWUSER     |  out|    1|          m_axi|         gmem7|       pointer|
|m_axi_gmem7_WVALID     |  out|    1|          m_axi|         gmem7|       pointer|
|m_axi_gmem7_WREADY     |   in|    1|          m_axi|         gmem7|       pointer|
|m_axi_gmem7_WDATA      |  out|  512|          m_axi|         gmem7|       pointer|
|m_axi_gmem7_WSTRB      |  out|   64|          m_axi|         gmem7|       pointer|
|m_axi_gmem7_WLAST      |  out|    1|          m_axi|         gmem7|       pointer|
|m_axi_gmem7_WID        |  out|    1|          m_axi|         gmem7|       pointer|
|m_axi_gmem7_WUSER      |  out|    1|          m_axi|         gmem7|       pointer|
|m_axi_gmem7_ARVALID    |  out|    1|          m_axi|         gmem7|       pointer|
|m_axi_gmem7_ARREADY    |   in|    1|          m_axi|         gmem7|       pointer|
|m_axi_gmem7_ARADDR     |  out|   64|          m_axi|         gmem7|       pointer|
|m_axi_gmem7_ARID       |  out|    1|          m_axi|         gmem7|       pointer|
|m_axi_gmem7_ARLEN      |  out|    8|          m_axi|         gmem7|       pointer|
|m_axi_gmem7_ARSIZE     |  out|    3|          m_axi|         gmem7|       pointer|
|m_axi_gmem7_ARBURST    |  out|    2|          m_axi|         gmem7|       pointer|
|m_axi_gmem7_ARLOCK     |  out|    2|          m_axi|         gmem7|       pointer|
|m_axi_gmem7_ARCACHE    |  out|    4|          m_axi|         gmem7|       pointer|
|m_axi_gmem7_ARPROT     |  out|    3|          m_axi|         gmem7|       pointer|
|m_axi_gmem7_ARQOS      |  out|    4|          m_axi|         gmem7|       pointer|
|m_axi_gmem7_ARREGION   |  out|    4|          m_axi|         gmem7|       pointer|
|m_axi_gmem7_ARUSER     |  out|    1|          m_axi|         gmem7|       pointer|
|m_axi_gmem7_RVALID     |   in|    1|          m_axi|         gmem7|       pointer|
|m_axi_gmem7_RREADY     |  out|    1|          m_axi|         gmem7|       pointer|
|m_axi_gmem7_RDATA      |   in|  512|          m_axi|         gmem7|       pointer|
|m_axi_gmem7_RLAST      |   in|    1|          m_axi|         gmem7|       pointer|
|m_axi_gmem7_RID        |   in|    1|          m_axi|         gmem7|       pointer|
|m_axi_gmem7_RUSER      |   in|    1|          m_axi|         gmem7|       pointer|
|m_axi_gmem7_RRESP      |   in|    2|          m_axi|         gmem7|       pointer|
|m_axi_gmem7_BVALID     |   in|    1|          m_axi|         gmem7|       pointer|
|m_axi_gmem7_BREADY     |  out|    1|          m_axi|         gmem7|       pointer|
|m_axi_gmem7_BRESP      |   in|    2|          m_axi|         gmem7|       pointer|
|m_axi_gmem7_BID        |   in|    1|          m_axi|         gmem7|       pointer|
|m_axi_gmem7_BUSER      |   in|    1|          m_axi|         gmem7|       pointer|
|m_axi_gmem8_AWVALID    |  out|    1|          m_axi|         gmem8|       pointer|
|m_axi_gmem8_AWREADY    |   in|    1|          m_axi|         gmem8|       pointer|
|m_axi_gmem8_AWADDR     |  out|   64|          m_axi|         gmem8|       pointer|
|m_axi_gmem8_AWID       |  out|    1|          m_axi|         gmem8|       pointer|
|m_axi_gmem8_AWLEN      |  out|    8|          m_axi|         gmem8|       pointer|
|m_axi_gmem8_AWSIZE     |  out|    3|          m_axi|         gmem8|       pointer|
|m_axi_gmem8_AWBURST    |  out|    2|          m_axi|         gmem8|       pointer|
|m_axi_gmem8_AWLOCK     |  out|    2|          m_axi|         gmem8|       pointer|
|m_axi_gmem8_AWCACHE    |  out|    4|          m_axi|         gmem8|       pointer|
|m_axi_gmem8_AWPROT     |  out|    3|          m_axi|         gmem8|       pointer|
|m_axi_gmem8_AWQOS      |  out|    4|          m_axi|         gmem8|       pointer|
|m_axi_gmem8_AWREGION   |  out|    4|          m_axi|         gmem8|       pointer|
|m_axi_gmem8_AWUSER     |  out|    1|          m_axi|         gmem8|       pointer|
|m_axi_gmem8_WVALID     |  out|    1|          m_axi|         gmem8|       pointer|
|m_axi_gmem8_WREADY     |   in|    1|          m_axi|         gmem8|       pointer|
|m_axi_gmem8_WDATA      |  out|  512|          m_axi|         gmem8|       pointer|
|m_axi_gmem8_WSTRB      |  out|   64|          m_axi|         gmem8|       pointer|
|m_axi_gmem8_WLAST      |  out|    1|          m_axi|         gmem8|       pointer|
|m_axi_gmem8_WID        |  out|    1|          m_axi|         gmem8|       pointer|
|m_axi_gmem8_WUSER      |  out|    1|          m_axi|         gmem8|       pointer|
|m_axi_gmem8_ARVALID    |  out|    1|          m_axi|         gmem8|       pointer|
|m_axi_gmem8_ARREADY    |   in|    1|          m_axi|         gmem8|       pointer|
|m_axi_gmem8_ARADDR     |  out|   64|          m_axi|         gmem8|       pointer|
|m_axi_gmem8_ARID       |  out|    1|          m_axi|         gmem8|       pointer|
|m_axi_gmem8_ARLEN      |  out|    8|          m_axi|         gmem8|       pointer|
|m_axi_gmem8_ARSIZE     |  out|    3|          m_axi|         gmem8|       pointer|
|m_axi_gmem8_ARBURST    |  out|    2|          m_axi|         gmem8|       pointer|
|m_axi_gmem8_ARLOCK     |  out|    2|          m_axi|         gmem8|       pointer|
|m_axi_gmem8_ARCACHE    |  out|    4|          m_axi|         gmem8|       pointer|
|m_axi_gmem8_ARPROT     |  out|    3|          m_axi|         gmem8|       pointer|
|m_axi_gmem8_ARQOS      |  out|    4|          m_axi|         gmem8|       pointer|
|m_axi_gmem8_ARREGION   |  out|    4|          m_axi|         gmem8|       pointer|
|m_axi_gmem8_ARUSER     |  out|    1|          m_axi|         gmem8|       pointer|
|m_axi_gmem8_RVALID     |   in|    1|          m_axi|         gmem8|       pointer|
|m_axi_gmem8_RREADY     |  out|    1|          m_axi|         gmem8|       pointer|
|m_axi_gmem8_RDATA      |   in|  512|          m_axi|         gmem8|       pointer|
|m_axi_gmem8_RLAST      |   in|    1|          m_axi|         gmem8|       pointer|
|m_axi_gmem8_RID        |   in|    1|          m_axi|         gmem8|       pointer|
|m_axi_gmem8_RUSER      |   in|    1|          m_axi|         gmem8|       pointer|
|m_axi_gmem8_RRESP      |   in|    2|          m_axi|         gmem8|       pointer|
|m_axi_gmem8_BVALID     |   in|    1|          m_axi|         gmem8|       pointer|
|m_axi_gmem8_BREADY     |  out|    1|          m_axi|         gmem8|       pointer|
|m_axi_gmem8_BRESP      |   in|    2|          m_axi|         gmem8|       pointer|
|m_axi_gmem8_BID        |   in|    1|          m_axi|         gmem8|       pointer|
|m_axi_gmem8_BUSER      |   in|    1|          m_axi|         gmem8|       pointer|
|m_axi_gmem9_AWVALID    |  out|    1|          m_axi|         gmem9|       pointer|
|m_axi_gmem9_AWREADY    |   in|    1|          m_axi|         gmem9|       pointer|
|m_axi_gmem9_AWADDR     |  out|   64|          m_axi|         gmem9|       pointer|
|m_axi_gmem9_AWID       |  out|    1|          m_axi|         gmem9|       pointer|
|m_axi_gmem9_AWLEN      |  out|    8|          m_axi|         gmem9|       pointer|
|m_axi_gmem9_AWSIZE     |  out|    3|          m_axi|         gmem9|       pointer|
|m_axi_gmem9_AWBURST    |  out|    2|          m_axi|         gmem9|       pointer|
|m_axi_gmem9_AWLOCK     |  out|    2|          m_axi|         gmem9|       pointer|
|m_axi_gmem9_AWCACHE    |  out|    4|          m_axi|         gmem9|       pointer|
|m_axi_gmem9_AWPROT     |  out|    3|          m_axi|         gmem9|       pointer|
|m_axi_gmem9_AWQOS      |  out|    4|          m_axi|         gmem9|       pointer|
|m_axi_gmem9_AWREGION   |  out|    4|          m_axi|         gmem9|       pointer|
|m_axi_gmem9_AWUSER     |  out|    1|          m_axi|         gmem9|       pointer|
|m_axi_gmem9_WVALID     |  out|    1|          m_axi|         gmem9|       pointer|
|m_axi_gmem9_WREADY     |   in|    1|          m_axi|         gmem9|       pointer|
|m_axi_gmem9_WDATA      |  out|  512|          m_axi|         gmem9|       pointer|
|m_axi_gmem9_WSTRB      |  out|   64|          m_axi|         gmem9|       pointer|
|m_axi_gmem9_WLAST      |  out|    1|          m_axi|         gmem9|       pointer|
|m_axi_gmem9_WID        |  out|    1|          m_axi|         gmem9|       pointer|
|m_axi_gmem9_WUSER      |  out|    1|          m_axi|         gmem9|       pointer|
|m_axi_gmem9_ARVALID    |  out|    1|          m_axi|         gmem9|       pointer|
|m_axi_gmem9_ARREADY    |   in|    1|          m_axi|         gmem9|       pointer|
|m_axi_gmem9_ARADDR     |  out|   64|          m_axi|         gmem9|       pointer|
|m_axi_gmem9_ARID       |  out|    1|          m_axi|         gmem9|       pointer|
|m_axi_gmem9_ARLEN      |  out|    8|          m_axi|         gmem9|       pointer|
|m_axi_gmem9_ARSIZE     |  out|    3|          m_axi|         gmem9|       pointer|
|m_axi_gmem9_ARBURST    |  out|    2|          m_axi|         gmem9|       pointer|
|m_axi_gmem9_ARLOCK     |  out|    2|          m_axi|         gmem9|       pointer|
|m_axi_gmem9_ARCACHE    |  out|    4|          m_axi|         gmem9|       pointer|
|m_axi_gmem9_ARPROT     |  out|    3|          m_axi|         gmem9|       pointer|
|m_axi_gmem9_ARQOS      |  out|    4|          m_axi|         gmem9|       pointer|
|m_axi_gmem9_ARREGION   |  out|    4|          m_axi|         gmem9|       pointer|
|m_axi_gmem9_ARUSER     |  out|    1|          m_axi|         gmem9|       pointer|
|m_axi_gmem9_RVALID     |   in|    1|          m_axi|         gmem9|       pointer|
|m_axi_gmem9_RREADY     |  out|    1|          m_axi|         gmem9|       pointer|
|m_axi_gmem9_RDATA      |   in|  512|          m_axi|         gmem9|       pointer|
|m_axi_gmem9_RLAST      |   in|    1|          m_axi|         gmem9|       pointer|
|m_axi_gmem9_RID        |   in|    1|          m_axi|         gmem9|       pointer|
|m_axi_gmem9_RUSER      |   in|    1|          m_axi|         gmem9|       pointer|
|m_axi_gmem9_RRESP      |   in|    2|          m_axi|         gmem9|       pointer|
|m_axi_gmem9_BVALID     |   in|    1|          m_axi|         gmem9|       pointer|
|m_axi_gmem9_BREADY     |  out|    1|          m_axi|         gmem9|       pointer|
|m_axi_gmem9_BRESP      |   in|    2|          m_axi|         gmem9|       pointer|
|m_axi_gmem9_BID        |   in|    1|          m_axi|         gmem9|       pointer|
|m_axi_gmem9_BUSER      |   in|    1|          m_axi|         gmem9|       pointer|
|m_axi_gmem10_AWVALID   |  out|    1|          m_axi|        gmem10|       pointer|
|m_axi_gmem10_AWREADY   |   in|    1|          m_axi|        gmem10|       pointer|
|m_axi_gmem10_AWADDR    |  out|   64|          m_axi|        gmem10|       pointer|
|m_axi_gmem10_AWID      |  out|    1|          m_axi|        gmem10|       pointer|
|m_axi_gmem10_AWLEN     |  out|    8|          m_axi|        gmem10|       pointer|
|m_axi_gmem10_AWSIZE    |  out|    3|          m_axi|        gmem10|       pointer|
|m_axi_gmem10_AWBURST   |  out|    2|          m_axi|        gmem10|       pointer|
|m_axi_gmem10_AWLOCK    |  out|    2|          m_axi|        gmem10|       pointer|
|m_axi_gmem10_AWCACHE   |  out|    4|          m_axi|        gmem10|       pointer|
|m_axi_gmem10_AWPROT    |  out|    3|          m_axi|        gmem10|       pointer|
|m_axi_gmem10_AWQOS     |  out|    4|          m_axi|        gmem10|       pointer|
|m_axi_gmem10_AWREGION  |  out|    4|          m_axi|        gmem10|       pointer|
|m_axi_gmem10_AWUSER    |  out|    1|          m_axi|        gmem10|       pointer|
|m_axi_gmem10_WVALID    |  out|    1|          m_axi|        gmem10|       pointer|
|m_axi_gmem10_WREADY    |   in|    1|          m_axi|        gmem10|       pointer|
|m_axi_gmem10_WDATA     |  out|   32|          m_axi|        gmem10|       pointer|
|m_axi_gmem10_WSTRB     |  out|    4|          m_axi|        gmem10|       pointer|
|m_axi_gmem10_WLAST     |  out|    1|          m_axi|        gmem10|       pointer|
|m_axi_gmem10_WID       |  out|    1|          m_axi|        gmem10|       pointer|
|m_axi_gmem10_WUSER     |  out|    1|          m_axi|        gmem10|       pointer|
|m_axi_gmem10_ARVALID   |  out|    1|          m_axi|        gmem10|       pointer|
|m_axi_gmem10_ARREADY   |   in|    1|          m_axi|        gmem10|       pointer|
|m_axi_gmem10_ARADDR    |  out|   64|          m_axi|        gmem10|       pointer|
|m_axi_gmem10_ARID      |  out|    1|          m_axi|        gmem10|       pointer|
|m_axi_gmem10_ARLEN     |  out|    8|          m_axi|        gmem10|       pointer|
|m_axi_gmem10_ARSIZE    |  out|    3|          m_axi|        gmem10|       pointer|
|m_axi_gmem10_ARBURST   |  out|    2|          m_axi|        gmem10|       pointer|
|m_axi_gmem10_ARLOCK    |  out|    2|          m_axi|        gmem10|       pointer|
|m_axi_gmem10_ARCACHE   |  out|    4|          m_axi|        gmem10|       pointer|
|m_axi_gmem10_ARPROT    |  out|    3|          m_axi|        gmem10|       pointer|
|m_axi_gmem10_ARQOS     |  out|    4|          m_axi|        gmem10|       pointer|
|m_axi_gmem10_ARREGION  |  out|    4|          m_axi|        gmem10|       pointer|
|m_axi_gmem10_ARUSER    |  out|    1|          m_axi|        gmem10|       pointer|
|m_axi_gmem10_RVALID    |   in|    1|          m_axi|        gmem10|       pointer|
|m_axi_gmem10_RREADY    |  out|    1|          m_axi|        gmem10|       pointer|
|m_axi_gmem10_RDATA     |   in|   32|          m_axi|        gmem10|       pointer|
|m_axi_gmem10_RLAST     |   in|    1|          m_axi|        gmem10|       pointer|
|m_axi_gmem10_RID       |   in|    1|          m_axi|        gmem10|       pointer|
|m_axi_gmem10_RUSER     |   in|    1|          m_axi|        gmem10|       pointer|
|m_axi_gmem10_RRESP     |   in|    2|          m_axi|        gmem10|       pointer|
|m_axi_gmem10_BVALID    |   in|    1|          m_axi|        gmem10|       pointer|
|m_axi_gmem10_BREADY    |  out|    1|          m_axi|        gmem10|       pointer|
|m_axi_gmem10_BRESP     |   in|    2|          m_axi|        gmem10|       pointer|
|m_axi_gmem10_BID       |   in|    1|          m_axi|        gmem10|       pointer|
|m_axi_gmem10_BUSER     |   in|    1|          m_axi|        gmem10|       pointer|
|m_axi_gmem11_AWVALID   |  out|    1|          m_axi|        gmem11|       pointer|
|m_axi_gmem11_AWREADY   |   in|    1|          m_axi|        gmem11|       pointer|
|m_axi_gmem11_AWADDR    |  out|   64|          m_axi|        gmem11|       pointer|
|m_axi_gmem11_AWID      |  out|    1|          m_axi|        gmem11|       pointer|
|m_axi_gmem11_AWLEN     |  out|    8|          m_axi|        gmem11|       pointer|
|m_axi_gmem11_AWSIZE    |  out|    3|          m_axi|        gmem11|       pointer|
|m_axi_gmem11_AWBURST   |  out|    2|          m_axi|        gmem11|       pointer|
|m_axi_gmem11_AWLOCK    |  out|    2|          m_axi|        gmem11|       pointer|
|m_axi_gmem11_AWCACHE   |  out|    4|          m_axi|        gmem11|       pointer|
|m_axi_gmem11_AWPROT    |  out|    3|          m_axi|        gmem11|       pointer|
|m_axi_gmem11_AWQOS     |  out|    4|          m_axi|        gmem11|       pointer|
|m_axi_gmem11_AWREGION  |  out|    4|          m_axi|        gmem11|       pointer|
|m_axi_gmem11_AWUSER    |  out|    1|          m_axi|        gmem11|       pointer|
|m_axi_gmem11_WVALID    |  out|    1|          m_axi|        gmem11|       pointer|
|m_axi_gmem11_WREADY    |   in|    1|          m_axi|        gmem11|       pointer|
|m_axi_gmem11_WDATA     |  out|  512|          m_axi|        gmem11|       pointer|
|m_axi_gmem11_WSTRB     |  out|   64|          m_axi|        gmem11|       pointer|
|m_axi_gmem11_WLAST     |  out|    1|          m_axi|        gmem11|       pointer|
|m_axi_gmem11_WID       |  out|    1|          m_axi|        gmem11|       pointer|
|m_axi_gmem11_WUSER     |  out|    1|          m_axi|        gmem11|       pointer|
|m_axi_gmem11_ARVALID   |  out|    1|          m_axi|        gmem11|       pointer|
|m_axi_gmem11_ARREADY   |   in|    1|          m_axi|        gmem11|       pointer|
|m_axi_gmem11_ARADDR    |  out|   64|          m_axi|        gmem11|       pointer|
|m_axi_gmem11_ARID      |  out|    1|          m_axi|        gmem11|       pointer|
|m_axi_gmem11_ARLEN     |  out|    8|          m_axi|        gmem11|       pointer|
|m_axi_gmem11_ARSIZE    |  out|    3|          m_axi|        gmem11|       pointer|
|m_axi_gmem11_ARBURST   |  out|    2|          m_axi|        gmem11|       pointer|
|m_axi_gmem11_ARLOCK    |  out|    2|          m_axi|        gmem11|       pointer|
|m_axi_gmem11_ARCACHE   |  out|    4|          m_axi|        gmem11|       pointer|
|m_axi_gmem11_ARPROT    |  out|    3|          m_axi|        gmem11|       pointer|
|m_axi_gmem11_ARQOS     |  out|    4|          m_axi|        gmem11|       pointer|
|m_axi_gmem11_ARREGION  |  out|    4|          m_axi|        gmem11|       pointer|
|m_axi_gmem11_ARUSER    |  out|    1|          m_axi|        gmem11|       pointer|
|m_axi_gmem11_RVALID    |   in|    1|          m_axi|        gmem11|       pointer|
|m_axi_gmem11_RREADY    |  out|    1|          m_axi|        gmem11|       pointer|
|m_axi_gmem11_RDATA     |   in|  512|          m_axi|        gmem11|       pointer|
|m_axi_gmem11_RLAST     |   in|    1|          m_axi|        gmem11|       pointer|
|m_axi_gmem11_RID       |   in|    1|          m_axi|        gmem11|       pointer|
|m_axi_gmem11_RUSER     |   in|    1|          m_axi|        gmem11|       pointer|
|m_axi_gmem11_RRESP     |   in|    2|          m_axi|        gmem11|       pointer|
|m_axi_gmem11_BVALID    |   in|    1|          m_axi|        gmem11|       pointer|
|m_axi_gmem11_BREADY    |  out|    1|          m_axi|        gmem11|       pointer|
|m_axi_gmem11_BRESP     |   in|    2|          m_axi|        gmem11|       pointer|
|m_axi_gmem11_BID       |   in|    1|          m_axi|        gmem11|       pointer|
|m_axi_gmem11_BUSER     |   in|    1|          m_axi|        gmem11|       pointer|
|m_axi_gmem12_AWVALID   |  out|    1|          m_axi|        gmem12|       pointer|
|m_axi_gmem12_AWREADY   |   in|    1|          m_axi|        gmem12|       pointer|
|m_axi_gmem12_AWADDR    |  out|   64|          m_axi|        gmem12|       pointer|
|m_axi_gmem12_AWID      |  out|    1|          m_axi|        gmem12|       pointer|
|m_axi_gmem12_AWLEN     |  out|    8|          m_axi|        gmem12|       pointer|
|m_axi_gmem12_AWSIZE    |  out|    3|          m_axi|        gmem12|       pointer|
|m_axi_gmem12_AWBURST   |  out|    2|          m_axi|        gmem12|       pointer|
|m_axi_gmem12_AWLOCK    |  out|    2|          m_axi|        gmem12|       pointer|
|m_axi_gmem12_AWCACHE   |  out|    4|          m_axi|        gmem12|       pointer|
|m_axi_gmem12_AWPROT    |  out|    3|          m_axi|        gmem12|       pointer|
|m_axi_gmem12_AWQOS     |  out|    4|          m_axi|        gmem12|       pointer|
|m_axi_gmem12_AWREGION  |  out|    4|          m_axi|        gmem12|       pointer|
|m_axi_gmem12_AWUSER    |  out|    1|          m_axi|        gmem12|       pointer|
|m_axi_gmem12_WVALID    |  out|    1|          m_axi|        gmem12|       pointer|
|m_axi_gmem12_WREADY    |   in|    1|          m_axi|        gmem12|       pointer|
|m_axi_gmem12_WDATA     |  out|  512|          m_axi|        gmem12|       pointer|
|m_axi_gmem12_WSTRB     |  out|   64|          m_axi|        gmem12|       pointer|
|m_axi_gmem12_WLAST     |  out|    1|          m_axi|        gmem12|       pointer|
|m_axi_gmem12_WID       |  out|    1|          m_axi|        gmem12|       pointer|
|m_axi_gmem12_WUSER     |  out|    1|          m_axi|        gmem12|       pointer|
|m_axi_gmem12_ARVALID   |  out|    1|          m_axi|        gmem12|       pointer|
|m_axi_gmem12_ARREADY   |   in|    1|          m_axi|        gmem12|       pointer|
|m_axi_gmem12_ARADDR    |  out|   64|          m_axi|        gmem12|       pointer|
|m_axi_gmem12_ARID      |  out|    1|          m_axi|        gmem12|       pointer|
|m_axi_gmem12_ARLEN     |  out|    8|          m_axi|        gmem12|       pointer|
|m_axi_gmem12_ARSIZE    |  out|    3|          m_axi|        gmem12|       pointer|
|m_axi_gmem12_ARBURST   |  out|    2|          m_axi|        gmem12|       pointer|
|m_axi_gmem12_ARLOCK    |  out|    2|          m_axi|        gmem12|       pointer|
|m_axi_gmem12_ARCACHE   |  out|    4|          m_axi|        gmem12|       pointer|
|m_axi_gmem12_ARPROT    |  out|    3|          m_axi|        gmem12|       pointer|
|m_axi_gmem12_ARQOS     |  out|    4|          m_axi|        gmem12|       pointer|
|m_axi_gmem12_ARREGION  |  out|    4|          m_axi|        gmem12|       pointer|
|m_axi_gmem12_ARUSER    |  out|    1|          m_axi|        gmem12|       pointer|
|m_axi_gmem12_RVALID    |   in|    1|          m_axi|        gmem12|       pointer|
|m_axi_gmem12_RREADY    |  out|    1|          m_axi|        gmem12|       pointer|
|m_axi_gmem12_RDATA     |   in|  512|          m_axi|        gmem12|       pointer|
|m_axi_gmem12_RLAST     |   in|    1|          m_axi|        gmem12|       pointer|
|m_axi_gmem12_RID       |   in|    1|          m_axi|        gmem12|       pointer|
|m_axi_gmem12_RUSER     |   in|    1|          m_axi|        gmem12|       pointer|
|m_axi_gmem12_RRESP     |   in|    2|          m_axi|        gmem12|       pointer|
|m_axi_gmem12_BVALID    |   in|    1|          m_axi|        gmem12|       pointer|
|m_axi_gmem12_BREADY    |  out|    1|          m_axi|        gmem12|       pointer|
|m_axi_gmem12_BRESP     |   in|    2|          m_axi|        gmem12|       pointer|
|m_axi_gmem12_BID       |   in|    1|          m_axi|        gmem12|       pointer|
|m_axi_gmem12_BUSER     |   in|    1|          m_axi|        gmem12|       pointer|
|m_axi_gmem13_AWVALID   |  out|    1|          m_axi|        gmem13|       pointer|
|m_axi_gmem13_AWREADY   |   in|    1|          m_axi|        gmem13|       pointer|
|m_axi_gmem13_AWADDR    |  out|   64|          m_axi|        gmem13|       pointer|
|m_axi_gmem13_AWID      |  out|    1|          m_axi|        gmem13|       pointer|
|m_axi_gmem13_AWLEN     |  out|    8|          m_axi|        gmem13|       pointer|
|m_axi_gmem13_AWSIZE    |  out|    3|          m_axi|        gmem13|       pointer|
|m_axi_gmem13_AWBURST   |  out|    2|          m_axi|        gmem13|       pointer|
|m_axi_gmem13_AWLOCK    |  out|    2|          m_axi|        gmem13|       pointer|
|m_axi_gmem13_AWCACHE   |  out|    4|          m_axi|        gmem13|       pointer|
|m_axi_gmem13_AWPROT    |  out|    3|          m_axi|        gmem13|       pointer|
|m_axi_gmem13_AWQOS     |  out|    4|          m_axi|        gmem13|       pointer|
|m_axi_gmem13_AWREGION  |  out|    4|          m_axi|        gmem13|       pointer|
|m_axi_gmem13_AWUSER    |  out|    1|          m_axi|        gmem13|       pointer|
|m_axi_gmem13_WVALID    |  out|    1|          m_axi|        gmem13|       pointer|
|m_axi_gmem13_WREADY    |   in|    1|          m_axi|        gmem13|       pointer|
|m_axi_gmem13_WDATA     |  out|  512|          m_axi|        gmem13|       pointer|
|m_axi_gmem13_WSTRB     |  out|   64|          m_axi|        gmem13|       pointer|
|m_axi_gmem13_WLAST     |  out|    1|          m_axi|        gmem13|       pointer|
|m_axi_gmem13_WID       |  out|    1|          m_axi|        gmem13|       pointer|
|m_axi_gmem13_WUSER     |  out|    1|          m_axi|        gmem13|       pointer|
|m_axi_gmem13_ARVALID   |  out|    1|          m_axi|        gmem13|       pointer|
|m_axi_gmem13_ARREADY   |   in|    1|          m_axi|        gmem13|       pointer|
|m_axi_gmem13_ARADDR    |  out|   64|          m_axi|        gmem13|       pointer|
|m_axi_gmem13_ARID      |  out|    1|          m_axi|        gmem13|       pointer|
|m_axi_gmem13_ARLEN     |  out|    8|          m_axi|        gmem13|       pointer|
|m_axi_gmem13_ARSIZE    |  out|    3|          m_axi|        gmem13|       pointer|
|m_axi_gmem13_ARBURST   |  out|    2|          m_axi|        gmem13|       pointer|
|m_axi_gmem13_ARLOCK    |  out|    2|          m_axi|        gmem13|       pointer|
|m_axi_gmem13_ARCACHE   |  out|    4|          m_axi|        gmem13|       pointer|
|m_axi_gmem13_ARPROT    |  out|    3|          m_axi|        gmem13|       pointer|
|m_axi_gmem13_ARQOS     |  out|    4|          m_axi|        gmem13|       pointer|
|m_axi_gmem13_ARREGION  |  out|    4|          m_axi|        gmem13|       pointer|
|m_axi_gmem13_ARUSER    |  out|    1|          m_axi|        gmem13|       pointer|
|m_axi_gmem13_RVALID    |   in|    1|          m_axi|        gmem13|       pointer|
|m_axi_gmem13_RREADY    |  out|    1|          m_axi|        gmem13|       pointer|
|m_axi_gmem13_RDATA     |   in|  512|          m_axi|        gmem13|       pointer|
|m_axi_gmem13_RLAST     |   in|    1|          m_axi|        gmem13|       pointer|
|m_axi_gmem13_RID       |   in|    1|          m_axi|        gmem13|       pointer|
|m_axi_gmem13_RUSER     |   in|    1|          m_axi|        gmem13|       pointer|
|m_axi_gmem13_RRESP     |   in|    2|          m_axi|        gmem13|       pointer|
|m_axi_gmem13_BVALID    |   in|    1|          m_axi|        gmem13|       pointer|
|m_axi_gmem13_BREADY    |  out|    1|          m_axi|        gmem13|       pointer|
|m_axi_gmem13_BRESP     |   in|    2|          m_axi|        gmem13|       pointer|
|m_axi_gmem13_BID       |   in|    1|          m_axi|        gmem13|       pointer|
|m_axi_gmem13_BUSER     |   in|    1|          m_axi|        gmem13|       pointer|
|m_axi_gmem14_AWVALID   |  out|    1|          m_axi|        gmem14|       pointer|
|m_axi_gmem14_AWREADY   |   in|    1|          m_axi|        gmem14|       pointer|
|m_axi_gmem14_AWADDR    |  out|   64|          m_axi|        gmem14|       pointer|
|m_axi_gmem14_AWID      |  out|    1|          m_axi|        gmem14|       pointer|
|m_axi_gmem14_AWLEN     |  out|    8|          m_axi|        gmem14|       pointer|
|m_axi_gmem14_AWSIZE    |  out|    3|          m_axi|        gmem14|       pointer|
|m_axi_gmem14_AWBURST   |  out|    2|          m_axi|        gmem14|       pointer|
|m_axi_gmem14_AWLOCK    |  out|    2|          m_axi|        gmem14|       pointer|
|m_axi_gmem14_AWCACHE   |  out|    4|          m_axi|        gmem14|       pointer|
|m_axi_gmem14_AWPROT    |  out|    3|          m_axi|        gmem14|       pointer|
|m_axi_gmem14_AWQOS     |  out|    4|          m_axi|        gmem14|       pointer|
|m_axi_gmem14_AWREGION  |  out|    4|          m_axi|        gmem14|       pointer|
|m_axi_gmem14_AWUSER    |  out|    1|          m_axi|        gmem14|       pointer|
|m_axi_gmem14_WVALID    |  out|    1|          m_axi|        gmem14|       pointer|
|m_axi_gmem14_WREADY    |   in|    1|          m_axi|        gmem14|       pointer|
|m_axi_gmem14_WDATA     |  out|  512|          m_axi|        gmem14|       pointer|
|m_axi_gmem14_WSTRB     |  out|   64|          m_axi|        gmem14|       pointer|
|m_axi_gmem14_WLAST     |  out|    1|          m_axi|        gmem14|       pointer|
|m_axi_gmem14_WID       |  out|    1|          m_axi|        gmem14|       pointer|
|m_axi_gmem14_WUSER     |  out|    1|          m_axi|        gmem14|       pointer|
|m_axi_gmem14_ARVALID   |  out|    1|          m_axi|        gmem14|       pointer|
|m_axi_gmem14_ARREADY   |   in|    1|          m_axi|        gmem14|       pointer|
|m_axi_gmem14_ARADDR    |  out|   64|          m_axi|        gmem14|       pointer|
|m_axi_gmem14_ARID      |  out|    1|          m_axi|        gmem14|       pointer|
|m_axi_gmem14_ARLEN     |  out|    8|          m_axi|        gmem14|       pointer|
|m_axi_gmem14_ARSIZE    |  out|    3|          m_axi|        gmem14|       pointer|
|m_axi_gmem14_ARBURST   |  out|    2|          m_axi|        gmem14|       pointer|
|m_axi_gmem14_ARLOCK    |  out|    2|          m_axi|        gmem14|       pointer|
|m_axi_gmem14_ARCACHE   |  out|    4|          m_axi|        gmem14|       pointer|
|m_axi_gmem14_ARPROT    |  out|    3|          m_axi|        gmem14|       pointer|
|m_axi_gmem14_ARQOS     |  out|    4|          m_axi|        gmem14|       pointer|
|m_axi_gmem14_ARREGION  |  out|    4|          m_axi|        gmem14|       pointer|
|m_axi_gmem14_ARUSER    |  out|    1|          m_axi|        gmem14|       pointer|
|m_axi_gmem14_RVALID    |   in|    1|          m_axi|        gmem14|       pointer|
|m_axi_gmem14_RREADY    |  out|    1|          m_axi|        gmem14|       pointer|
|m_axi_gmem14_RDATA     |   in|  512|          m_axi|        gmem14|       pointer|
|m_axi_gmem14_RLAST     |   in|    1|          m_axi|        gmem14|       pointer|
|m_axi_gmem14_RID       |   in|    1|          m_axi|        gmem14|       pointer|
|m_axi_gmem14_RUSER     |   in|    1|          m_axi|        gmem14|       pointer|
|m_axi_gmem14_RRESP     |   in|    2|          m_axi|        gmem14|       pointer|
|m_axi_gmem14_BVALID    |   in|    1|          m_axi|        gmem14|       pointer|
|m_axi_gmem14_BREADY    |  out|    1|          m_axi|        gmem14|       pointer|
|m_axi_gmem14_BRESP     |   in|    2|          m_axi|        gmem14|       pointer|
|m_axi_gmem14_BID       |   in|    1|          m_axi|        gmem14|       pointer|
|m_axi_gmem14_BUSER     |   in|    1|          m_axi|        gmem14|       pointer|
+-----------------------+-----+-----+---------------+--------------+--------------+

