Copyright 1986-2020 Xilinx, Inc. All Rights Reserved.
----------------------------------------------------------------------------------------------------------------------------------------------------------------------------
| Tool Version : Vivado v.2020.2 (lin64) Build 3064766 Wed Nov 18 09:12:47 MST 2020
| Date         : Wed Apr 28 01:41:37 2021
| Host         : viz-n1.crc.pitt.edu running 64-bit Red Hat Enterprise Linux Server release 7.9 (Maipo)
| Command      : report_accelerator_utilization -kernels { fpga1:pfm_top_i/dynamic_region/fpga1_1/inst:fpga1_1} -file kernel_util_routed.rpt -name kernel_util_routed -json
| Design       : pfm_top_wrapper
| Device       : xcu200
| Design State : Routed
----------------------------------------------------------------------------------------------------------------------------------------------------------------------------

Accelerator Utilization Design Information

Table of Contents
-----------------
1. System Utilization

1. System Utilization
---------------------

+---------------------+------------------+------------------+-------------------+----------------+---------------+----------------+
| Name                | LUT              | LUTAsMem         | REG               | BRAM           | URAM          | DSP            |
+---------------------+------------------+------------------+-------------------+----------------+---------------+----------------+
| Platform            | 183948 [ 15.56%] |  18231 [  3.08%] |  264528 [ 11.19%] |  560 [ 25.93%] |   0 [  0.00%] |    7 [  0.10%] |
| User Budget         | 998292 [100.00%] | 573609 [100.00%] | 2099952 [100.00%] | 1600 [100.00%] | 960 [100.00%] | 6833 [100.00%] |
|    Used Resources   | 130483 [ 13.07%] |  52958 [  9.23%] |  124004 [  5.91%] |  253 [ 15.81%] |   0 [  0.00%] |  831 [ 12.16%] |
|    Unused Resources | 867809 [ 86.93%] | 520651 [ 90.77%] | 1975948 [ 94.09%] | 1347 [ 84.19%] | 960 [100.00%] | 6002 [ 87.84%] |
| fpga1               | 130483 [ 13.07%] |  52958 [  9.23%] |  124004 [  5.91%] |  253 [ 15.81%] |   0 [  0.00%] |  831 [ 12.16%] |
|    fpga1_1          | 130483 [ 13.07%] |  52958 [  9.23%] |  124004 [  5.91%] |  253 [ 15.81%] |   0 [  0.00%] |  831 [ 12.16%] |
+---------------------+------------------+------------------+-------------------+----------------+---------------+----------------+


