Copyright 1986-2020 Xilinx, Inc. All Rights Reserved.
----------------------------------------------------------------------------------------------------------------------------------------------------------------------------
| Tool Version : Vivado v.2020.2 (lin64) Build 3064766 Wed Nov 18 09:12:47 MST 2020
| Date         : Thu Apr 22 07:26:06 2021
| Host         : fpga-n0.crc.pitt.edu running 64-bit Red Hat Enterprise Linux Server release 7.9 (Maipo)
| Command      : report_accelerator_utilization -kernels { fpga1:pfm_top_i/dynamic_region/fpga1_1/inst:fpga1_1} -file kernel_util_routed.rpt -name kernel_util_routed -json
| Design       : pfm_top_wrapper
| Device       : xcu200
| Design State : Routed
----------------------------------------------------------------------------------------------------------------------------------------------------------------------------

Accelerator Utilization Design Information

Table of Contents
-----------------
1. System Utilization

1. System Utilization
---------------------

+---------------------+-------------------+------------------+-------------------+----------------+---------------+----------------+
| Name                | LUT               | LUTAsMem         | REG               | BRAM           | URAM          | DSP            |
+---------------------+-------------------+------------------+-------------------+----------------+---------------+----------------+
| Platform            |  156636 [ 13.25%] |  16635 [  2.81%] |  222505 [  9.41%] |  338 [ 15.65%] |   0 [  0.00%] |    7 [  0.10%] |
| User Budget         | 1025604 [100.00%] | 575205 [100.00%] | 2141975 [100.00%] | 1822 [100.00%] | 960 [100.00%] | 6833 [100.00%] |
|    Used Resources   |  199627 [ 19.46%] |  86857 [ 15.10%] |  184895 [  8.63%] |  170 [  9.33%] |   0 [  0.00%] | 1262 [ 18.47%] |
|    Unused Resources |  825977 [ 80.54%] | 488348 [ 84.90%] | 1957080 [ 91.37%] | 1652 [ 90.67%] | 960 [100.00%] | 5571 [ 81.53%] |
| fpga1               |  199627 [ 19.46%] |  86857 [ 15.10%] |  184895 [  8.63%] |  170 [  9.33%] |   0 [  0.00%] | 1262 [ 18.47%] |
|    fpga1_1          |  199627 [ 19.46%] |  86857 [ 15.10%] |  184895 [  8.63%] |  170 [  9.33%] |   0 [  0.00%] | 1262 [ 18.47%] |
+---------------------+-------------------+------------------+-------------------+----------------+---------------+----------------+


