Copyright 1986-2020 Xilinx, Inc. All Rights Reserved.
----------------------------------------------------------------------------------------------------------------------------------------------------------------------------
| Tool Version : Vivado v.2020.2 (lin64) Build 3064766 Wed Nov 18 09:12:47 MST 2020
| Date         : Mon Apr 26 20:14:31 2021
| Host         : viz-n1.crc.pitt.edu running 64-bit Red Hat Enterprise Linux Server release 7.9 (Maipo)
| Command      : report_accelerator_utilization -kernels { fpga1:pfm_top_i/dynamic_region/fpga1_1/inst:fpga1_1} -file kernel_util_routed.rpt -name kernel_util_routed -json
| Design       : pfm_top_wrapper
| Device       : xcu200
| Design State : Routed
----------------------------------------------------------------------------------------------------------------------------------------------------------------------------

Accelerator Utilization Design Information

Table of Contents
-----------------
1. System Utilization

1. System Utilization
---------------------

+---------------------+------------------+------------------+-------------------+----------------+---------------+----------------+
| Name                | LUT              | LUTAsMem         | REG               | BRAM           | URAM          | DSP            |
+---------------------+------------------+------------------+-------------------+----------------+---------------+----------------+
| Platform            | 183830 [ 15.55%] |  18231 [  3.08%] |  264673 [ 11.19%] |  560 [ 25.93%] |   0 [  0.00%] |    7 [  0.10%] |
| User Budget         | 998410 [100.00%] | 573609 [100.00%] | 2099807 [100.00%] | 1600 [100.00%] | 960 [100.00%] | 6833 [100.00%] |
|    Used Resources   |  85703 [  8.58%] |  31707 [  5.53%] |  104148 [  4.96%] |  253 [ 15.81%] |   0 [  0.00%] |  569 [  8.33%] |
|    Unused Resources | 912707 [ 91.42%] | 541902 [ 94.47%] | 1995659 [ 95.04%] | 1347 [ 84.19%] | 960 [100.00%] | 6264 [ 91.67%] |
| fpga1               |  85703 [  8.58%] |  31707 [  5.53%] |  104148 [  4.96%] |  253 [ 15.81%] |   0 [  0.00%] |  569 [  8.33%] |
|    fpga1_1          |  85703 [  8.58%] |  31707 [  5.53%] |  104148 [  4.96%] |  253 [ 15.81%] |   0 [  0.00%] |  569 [  8.33%] |
+---------------------+------------------+------------------+-------------------+----------------+---------------+----------------+


