Copyright 1986-2020 Xilinx, Inc. All Rights Reserved.
----------------------------------------------------------------------------------------------------------------------------------------------------------------------------
| Tool Version : Vivado v.2020.2 (lin64) Build 3064766 Wed Nov 18 09:12:47 MST 2020
| Date         : Tue Apr 27 00:05:55 2021
| Host         : viz-n1.crc.pitt.edu running 64-bit Red Hat Enterprise Linux Server release 7.9 (Maipo)
| Command      : report_accelerator_utilization -kernels { fpga2:pfm_top_i/dynamic_region/fpga2_1/inst:fpga2_1} -file kernel_util_routed.rpt -name kernel_util_routed -json
| Design       : pfm_top_wrapper
| Device       : xcu200
| Design State : Routed
----------------------------------------------------------------------------------------------------------------------------------------------------------------------------

Accelerator Utilization Design Information

Table of Contents
-----------------
1. System Utilization

1. System Utilization
---------------------

+---------------------+-------------------+------------------+-------------------+----------------+---------------+----------------+
| Name                | LUT               | LUTAsMem         | REG               | BRAM           | URAM          | DSP            |
+---------------------+-------------------+------------------+-------------------+----------------+---------------+----------------+
| Platform            |  171679 [ 14.52%] |  17417 [  2.94%] |  239988 [ 10.15%] |  449 [ 20.79%] |   0 [  0.00%] |    7 [  0.10%] |
| User Budget         | 1010561 [100.00%] | 574423 [100.00%] | 2124492 [100.00%] | 1711 [100.00%] | 960 [100.00%] | 6833 [100.00%] |
|    Used Resources   |   66549 [  6.59%] |  29697 [  5.17%] |   67673 [  3.19%] |  128 [  7.48%] |   0 [  0.00%] |  285 [  4.17%] |
|    Unused Resources |  944012 [ 93.41%] | 544726 [ 94.83%] | 2056819 [ 96.81%] | 1583 [ 92.52%] | 960 [100.00%] | 6548 [ 95.83%] |
| fpga2               |   66549 [  6.59%] |  29697 [  5.17%] |   67673 [  3.19%] |  128 [  7.48%] |   0 [  0.00%] |  285 [  4.17%] |
|    fpga2_1          |   66549 [  6.59%] |  29697 [  5.17%] |   67673 [  3.19%] |  128 [  7.48%] |   0 [  0.00%] |  285 [  4.17%] |
+---------------------+-------------------+------------------+-------------------+----------------+---------------+----------------+


